pbrt version 4 (built Aug 23 2026 at 18:00:35)
Copyright (c)1998-2021 Matt Pharr, Wenzel Jakob, and Greg Humphreys.
The source code to pbrt (but *not* the book contents) is covered by the Apache 2.0 License.
See the file LICENSE.txt for the conditions of the license.
STAGE_TIMING [parse] 2.81 s
STAGE_TIMING [wpi-CreateMedia] 0.00 s
STAGE_TIMING [ply-preload] started in background
STAGE_TIMING [wpi-CreateTextures] 8.75 s
STAGE_TIMING [wpi-CreateLights] 5.16 s
STAGE_TIMING [wpi-CreateMaterials] 0.00 s
STAGE_TIMING [wpi-pre-flush] 13.92 s
STAGE_TIMING [optix-tri-pre-meshCreate] 0.13 s
STAGE_TIMING [optix-tri-pre-detail] ctor 0.69 s / managed-allocs 0 in 0.00 s
STAGE_TIMING [optix-tri-pre-flatten] 0.40 s
STAGE_TIMING [optix-tri-pre-upload] 0.13 s
STAGE_TIMING [ply-preload] ready (850 meshes)
STAGE_TIMING [optix-init] 0.01 s
STAGE_TIMING [optix-prepare-ply] 0.00 s
STAGE_TIMING [optix-top-gas-builds] 0.00 s
STAGE_TIMING [optix-ias-instance-defs] 0.00 s
STAGE_TIMING [optix-bvh-triangles-fn] 0.09 s (nMeshes=1591, preloaded)
STAGE_TIMING [optix-top-build-tri] 0.09 s
STAGE_TIMING [optix-top-build-blp] 0.00 s
STAGE_TIMING [optix-top-build-quad] 0.00 s
STAGE_TIMING [optix-instances] 0.09 s
STAGE_TIMING [optix-accelbuild-total] 0.09 s
STAGE_TIMING [optix-ctor-total] 0.10 s
STAGE_TIMING [wpi-lightPreprocess] 0.00 s
STAGE_TIMING [wpi-lightSampler] 0.65 s
STAGE_TIMING [wpi-queueAlloc] 2.99 s
STAGE_TIMING [wpi-post-flush] 3.76 s
STAGE_TIMING [texture-upload] 10.98 s (147 unique textures)
STAGE_TIMING [gpu-build+upload+bvh] 31.84 s
Rendering: [  ] Rendering: [  ]  (0.1s|?s)  Rendering: [  ]  (0.1s|?s)  Rendering: [  ]  (0.2s|?s)  Rendering: [  ]  (0.2s|?s)  Rendering: [  ]  (0.3s|?s)  Rendering: [  ]  (0.3s|?s)  Rendering: [+ ]  (0.4s|1.1s)  Rendering: [+ ]  (0.4s|0.3s)  Rendering: [++]  (0.5s)       Rendering: [++]  (0.5s)       
STAGE_TIMING [render-total] 32.56 s
