pbrt version 4 (built Aug 23 2026 at 18:00:35)
Copyright (c)1998-2021 Matt Pharr, Wenzel Jakob, and Greg Humphreys.
The source code to pbrt (but *not* the book contents) is covered by the Apache 2.0 License.
See the file LICENSE.txt for the conditions of the license.
STAGE_TIMING [parse] 2.25 s
STAGE_TIMING [wpi-CreateMedia] 0.00 s
STAGE_TIMING [ply-preload] started in background
STAGE_TIMING [wpi-CreateTextures] 10.82 s
STAGE_TIMING [wpi-CreateLights] 3.97 s
STAGE_TIMING [wpi-CreateMaterials] 0.00 s
STAGE_TIMING [wpi-pre-flush] 14.79 s
STAGE_TIMING [ply-preload] ready (850 meshes)
STAGE_TIMING [optix-init] 0.01 s
STAGE_TIMING [optix-prepare-ply] 0.00 s
STAGE_TIMING [optix-top-gas-builds] 0.00 s
STAGE_TIMING [optix-ias-instance-defs] 0.00 s
STAGE_TIMING [optix-tri-meshCreate] 11.99 s
STAGE_TIMING [optix-tri-meshCreate-detail] ctor 84.30 s / bounds 0.15 s / managed-allocs 12 calls in 11.78 s
STAGE_TIMING [optix-tri-buildInputs] 12.00 s
STAGE_TIMING [texture-upload] 12.11 s (147 unique textures)
STAGE_TIMING [optix-tri-flatten] 12.22 s
STAGE_TIMING [optix-bvh-triangles-fn] 12.45 s (nMeshes=1591)
STAGE_TIMING [optix-bvh-triangles-upload] 0.06 s
STAGE_TIMING [optix-top-build-tri] 12.46 s
STAGE_TIMING [optix-top-build-blp] 0.00 s
STAGE_TIMING [optix-top-build-quad] 0.00 s
STAGE_TIMING [optix-instances] 12.46 s
STAGE_TIMING [optix-accelbuild-total] 0.18 s
STAGE_TIMING [optix-ctor-total] 12.47 s
STAGE_TIMING [wpi-lightPreprocess] 0.00 s
STAGE_TIMING [wpi-lightSampler] 0.35 s
STAGE_TIMING [wpi-queueAlloc] 0.12 s
STAGE_TIMING [wpi-post-flush] 13.02 s
STAGE_TIMING [gpu-build+upload+bvh] 38.15 s
Rendering: [  ] Rendering: [  ]  (0.1s|?s)  Rendering: [  ]  (0.1s|?s)  Rendering: [  ]  (0.2s|?s)  Rendering: [  ]  (0.2s|?s)  Rendering: [  ]  (0.3s|8.8s)  Rendering: [  ]  (0.4s|4.2s)  Rendering: [  ]  (0.4s|2.9s)  Rendering: [  ]  (0.5s|2.3s)  Rendering: [  ]  (0.5s|1.9s)  Rendering: [+ ]  (0.6s|1.5s)  Rendering: [+ ]  (0.7s|1.1s)  Rendering: [+ ]  (0.8s|0.9s)  Rendering: [+ ]  (0.9s|0.7s)  Rendering: [+ ]  (1.0s|0.5s)  Rendering: [+ ]  (1.1s|0.4s)  Rendering: [++]  (1.2s|0.2s)  Rendering: [++]  (1.3s|0.1s)  Rendering: [++]  (1.5s)       Rendering: [++]  (1.5s)       
STAGE_TIMING [render-total] 40.00 s
