pbrt version 4 (built Aug 23 2026 at 18:00:35)
Copyright (c)1998-2021 Matt Pharr, Wenzel Jakob, and Greg Humphreys.
The source code to pbrt (but *not* the book contents) is covered by the Apache 2.0 License.
See the file LICENSE.txt for the conditions of the license.
STAGE_TIMING [parse] 3.58 s
STAGE_TIMING [wpi-CreateMedia] 0.00 s
STAGE_TIMING [ply-preload] started in background
STAGE_TIMING [wpi-CreateTextures] 8.28 s
STAGE_TIMING [wpi-CreateLights] 4.10 s
STAGE_TIMING [wpi-CreateMaterials] 0.00 s
STAGE_TIMING [wpi-pre-flush] 13.28 s
STAGE_TIMING [ply-preload] ready (850 meshes)
STAGE_TIMING [optix-init] 0.01 s
STAGE_TIMING [optix-prepare-ply] 0.00 s
STAGE_TIMING [optix-top-gas-builds] 0.00 s
STAGE_TIMING [optix-ias-instance-defs] 0.00 s
STAGE_TIMING [optix-tri-meshCreate] 0.16 s
STAGE_TIMING [optix-tri-meshCreate-detail] ctor 0.99 s / bounds 0.05 s / managed-allocs 0 calls in 0.00 s
STAGE_TIMING [optix-tri-buildInputs] 0.17 s
STAGE_TIMING [optix-tri-flatten] 0.43 s
STAGE_TIMING [optix-bvh-triangles-fn] 12.23 s (nMeshes=1591)
STAGE_TIMING [optix-bvh-triangles-upload] 0.12 s
STAGE_TIMING [optix-top-build-tri] 12.29 s
STAGE_TIMING [optix-top-build-blp] 0.00 s
STAGE_TIMING [optix-top-build-quad] 0.00 s
STAGE_TIMING [optix-instances] 12.29 s
STAGE_TIMING [optix-accelbuild-total] 0.36 s
STAGE_TIMING [optix-ctor-total] 12.32 s
STAGE_TIMING [texture-upload] 12.46 s (147 unique textures)
STAGE_TIMING [wpi-lightPreprocess] 0.00 s
STAGE_TIMING [wpi-lightSampler] 0.32 s
STAGE_TIMING [wpi-queueAlloc] 0.10 s
STAGE_TIMING [wpi-post-flush] 12.90 s
STAGE_TIMING [gpu-build+upload+bvh] 35.20 s
Rendering: [  ] Rendering: [  ]  (0.1s|?s)  Rendering: [  ]  (0.1s|3.6s)  Rendering: [  ]  (0.2s|2.0s)  Rendering: [  ]  (0.2s|1.4s)  Rendering: [  ]  (0.3s|1.2s)  Rendering: [  ]  (0.3s|1.1s)  Rendering: [+ ]  (0.4s|1.0s)  Rendering: [+ ]  (0.5s|0.9s)  Rendering: [+ ]  (0.5s|0.8s)  Rendering: [+ ]  (0.6s|0.8s)  Rendering: [+ ]  (0.7s|0.6s)  Rendering: [+ ]  (0.8s|0.5s)  Rendering: [+ ]  (0.9s|0.4s)  Rendering: [++]  (1.0s|0.2s)  Rendering: [++]  (1.1s|0.1s)  Rendering: [++]  (1.2s)       Rendering: [++]  (1.2s)       
STAGE_TIMING [render-total] 36.89 s
