pbrt version 4 (built Aug 23 2026 at 14:09:50)
Copyright (c)1998-2021 Matt Pharr, Wenzel Jakob, and Greg Humphreys.
The source code to pbrt (but *not* the book contents) is covered by the Apache 2.0 License.
See the file LICENSE.txt for the conditions of the license.
STAGE_TIMING [parse] 2.96 s
STAGE_TIMING [wpi-CreateMedia] 0.00 s
STAGE_TIMING [ply-preload] started in background
STAGE_TIMING [wpi-CreateTextures] 8.41 s
STAGE_TIMING [wpi-CreateLights] 4.75 s
STAGE_TIMING [wpi-CreateMaterials] 0.00 s
STAGE_TIMING [wpi-pre-flush] 13.78 s
STAGE_TIMING [ply-preload] ready (850 meshes)
STAGE_TIMING [optix-init] 0.01 s
STAGE_TIMING [optix-prepare-ply] 0.00 s
STAGE_TIMING [optix-top-gas-builds] 0.00 s
STAGE_TIMING [optix-ias-instance-defs] 0.00 s
STAGE_TIMING [optix-tri-meshCreate] 10.00 s
STAGE_TIMING [optix-tri-buildInputs] 12.47 s
STAGE_TIMING [optix-tri-flatten] 13.27 s
STAGE_TIMING [texture-upload] 13.39 s (147 unique textures)
STAGE_TIMING [optix-bvh-triangles-fn] 13.43 s (nMeshes=1591)
STAGE_TIMING [optix-bvh-triangles-upload] 0.08 s
STAGE_TIMING [optix-top-build-tri] 13.44 s
STAGE_TIMING [optix-top-build-blp] 0.00 s
STAGE_TIMING [optix-top-build-quad] 0.00 s
STAGE_TIMING [optix-instances] 13.44 s
STAGE_TIMING [optix-accelbuild-total] 0.07 s
STAGE_TIMING [optix-ctor-total] 13.46 s
STAGE_TIMING [wpi-lightPreprocess] 0.00 s
STAGE_TIMING [wpi-lightSampler] 0.31 s
STAGE_TIMING [wpi-queueAlloc] 0.05 s
STAGE_TIMING [wpi-post-flush] 13.89 s
STAGE_TIMING [gpu-build+upload+bvh] 44.32 s
Rendering: [  ] Rendering: [  ]  (0.1s|?s)  Rendering: [  ]  (0.1s|?s)  Rendering: [  ]  (0.2s|?s)  Rendering: [  ]  (0.2s|5.0s)  Rendering: [  ]  (0.3s|3.6s)  Rendering: [  ]  (0.4s|2.6s)  Rendering: [  ]  (0.4s|1.9s)  Rendering: [  ]  (0.5s|1.6s)  Rendering: [+ ]  (0.6s|1.3s)  Rendering: [+ ]  (0.6s|1.2s)  Rendering: [+ ]  (0.7s|0.9s)  Rendering: [+ ]  (0.8s|0.7s)  Rendering: [+ ]  (0.9s|0.6s)  Rendering: [+ ]  (1.1s|0.4s)  Rendering: [++]  (1.2s|0.3s)  Rendering: [++]  (1.3s|0.1s)  Rendering: [++]  (1.4s)       Rendering: [++]  (1.4s)       
STAGE_TIMING [render-total] 46.09 s
