适用于 .NET Framework MSBuild 版本 17.14.40+3e7442088

  Iex.vcxproj -> F:\project\pbrt-v4\build\src\ext\openexr\src\lib\Iex\Release\Iex-3_3.lib
  glfw.vcxproj -> F:\project\pbrt-v4\build\src\ext\glfw\src\Release\glfw3.lib
  pbrt_taskflow.vcxproj -> F:\project\pbrt-v4\build\Release\pbrt_taskflow.lib
  soac.vcxproj -> F:\project\pbrt-v4\build\Release\soac.exe
  utf8proc.vcxproj -> F:\project\pbrt-v4\build\src\ext\utf8proc\Release\utf8proc_static.lib
  zlibstatic.vcxproj -> F:\project\pbrt-v4\build\src\ext\zlib\Release\zlibstatic.lib
  double-conversion.vcxproj -> F:\project\pbrt-v4\build\src\ext\double-conversion\Release\double-conversion.lib
  glad.vcxproj -> F:\project\pbrt-v4\build\src\ext\glad\Release\glad.lib
  deflate.vcxproj -> F:\project\pbrt-v4\build\src\ext\libdeflate\Release\deflate.lib
  IlmThread.vcxproj -> F:\project\pbrt-v4\build\src\ext\openexr\src\lib\IlmThread\Release\IlmThread-3_3.lib
  rgb2spec_opt.vcxproj -> F:\project\pbrt-v4\build\Release\rgb2spec_opt.exe
  Ptex_static.vcxproj -> F:\project\pbrt-v4\build\src\ext\ptex\src\ptex\Release\Ptex.lib
  Compiling CUDA source file ..\src\pbrt\gpu\optix\optix.cu...
  OpenEXRCore.vcxproj -> F:\project\pbrt-v4\build\src\ext\openexr\src\lib\OpenEXRCore\Release\OpenEXRCore-3_3.lib
  
  F:\project\pbrt-v4\build>"C:\Program Files\NVIDIA GPU Computing Toolkit\CUDA\v13.1\bin\nvcc.exe"  --use-local-env -ccbin "C:\Program Files\Microsoft Visual Studio\2022\Community\VC\Tools\MSVC\14.36.32532\bin\HostX64\x64" -x cu   -I"C:\Program Files\NVIDIA GPU Computing Toolkit\CUDA\v13.1\include" -I"C:\Program Files\NVIDIA GPU Computing Toolkit\CUDA\v13.1\include\cccl" -I"C:\ProgramData\NVIDIA Corporation\OptiX SDK 8.0.0\include" -I"F:\project\pbrt-v4\src" -I"F:\project\pbrt-v4\build" -I"F:\project\pbrt-v4\src\ext\openvdb\nanovdb" -I"C:\Program Files\NVIDIA GPU Computing Toolkit\CUDA\v13.1\include"     --keep-dir optix.cu\x64\Release -use_fast_math -maxrregcount=128    --machine 64 -ptx -cudart static -Xnvlink -suppress-stack-size-warning --gpu-architecture=sm_75 -std=c++17 -Xcudafe=--display_error_number -Xcudafe=--diag_suppress=20044 --define-macro=PBRT_IS_MSVC --define-macro=_CRT_SECURE_NO_WARNINGS --define-macro=_ENABLE_EXTENDED_ALIGNED_STORAGE --define-macro=PBRT_IS_WINDOWS --define-macro=NOMINMAX --define-macro=PBRT_BUILD_GPU_RENDERER --define-macro=PBRT_HAS_INTRIN_H --define-macro=PBRT_NOINLINE=__declspec(noinline) --define-macro=PBRT_RESTRICT=__restrict --define-macro=PBRT_HAVE__ALIGNED_MALLOC --forward-slash-prefix-opts --std=c++17 --expt-relaxed-constexpr --extended-lambda --forward-unknown-to-host-compiler -lineinfo -Xcudafe --diag_suppress=partial_override -Xcudafe --diag_suppress=virtual_function_decl_hidden -Xcudafe --diag_suppress=integer_sign_change -Xcudafe --diag_suppress=declared_but_not_referenced -Xcudafe --diag_suppress=implicit_return_from_non_void_function -Xcompiler="/EHsc -Ob2 /Zc:preprocessor /wd4244 /wd4267 /wd4305 /wd4552 /wd4838 /wd4843 /wd26451 /wd26495 /wd4334 /wd4146" -D_WINDOWS -DNDEBUG -D"CMAKE_INTDIR=\"Release\"" -D_MBCS -D"CMAKE_INTDIR=\"Release\"" -o optix.cu.dir\Release\optix.ptx "F:\project\pbrt-v4\src\pbrt\gpu\optix\optix.cu" 
  OpenEXR.vcxproj -> F:\project\pbrt-v4\build\src\ext\openexr\src\lib\OpenEXR\Release\OpenEXR-3_3.lib
C:\Program Files\NVIDIA GPU Computing Toolkit\CUDA\v13.1\include\cuda_runtime_api.h(13758): warning C4819: 该文件包含不能在当前代码页(936)中表示的字符。请将该文件保存为 Unicode 格式以防止数据丢失 [F:\project\pbrt-v4\build\optix.cu.vcxproj]
C:\Program Files\NVIDIA GPU Computing Toolkit\CUDA\v13.1\include\cuda_runtime_api.h(14276): warning C4819: 该文件包含不能在当前代码页(936)中表示的字符。请将该文件保存为 Unicode 格式以防止数据丢失 [F:\project\pbrt-v4\build\optix.cu.vcxproj]
C:\Program Files\NVIDIA GPU Computing Toolkit\CUDA\v13.1\include\cuda_runtime_api.h(13758): warning C4819: 该文件包含不能在当前代码页(936)中表示的字符。请将该文件保存为 Unicode 格式以防止数据丢失 [F:\project\pbrt-v4\build\optix.cu.vcxproj]
C:\Program Files\NVIDIA GPU Computing Toolkit\CUDA\v13.1\include\cuda_runtime_api.h(14276): warning C4819: 该文件包含不能在当前代码页(936)中表示的字符。请将该文件保存为 Unicode 格式以防止数据丢失 [F:\project\pbrt-v4\build\optix.cu.vcxproj]
C:\Program Files\NVIDIA GPU Computing Toolkit\CUDA\v13.1\include\cuda_runtime_api.h(13758): warning C4819: 该文件包含不能在当前代码页(936)中表示的字符。请将该文件保存为 Unicode 格式以防止数据丢失 [F:\project\pbrt-v4\build\optix.cu.vcxproj]
C:\Program Files\NVIDIA GPU Computing Toolkit\CUDA\v13.1\include\cuda_runtime_api.h(14276): warning C4819: 该文件包含不能在当前代码页(936)中表示的字符。请将该文件保存为 Unicode 格式以防止数据丢失 [F:\project\pbrt-v4\build\optix.cu.vcxproj]
C:\Program Files\NVIDIA GPU Computing Toolkit\CUDA\v13.1\include\cuda_runtime_api.h(13758): warning C4819: 该文件包含不能在当前代码页(936)中表示的字符。请将该文件保存为 Unicode 格式以防止数据丢失 [F:\project\pbrt-v4\build\optix.cu.vcxproj]
C:\Program Files\NVIDIA GPU Computing Toolkit\CUDA\v13.1\include\cuda_runtime_api.h(14276): warning C4819: 该文件包含不能在当前代码页(936)中表示的字符。请将该文件保存为 Unicode 格式以防止数据丢失 [F:\project\pbrt-v4\build\optix.cu.vcxproj]
C:\Program Files\NVIDIA GPU Computing Toolkit\CUDA\v13.1\include\cuda_runtime_api.h(13758): warning C4819: 该文件包含不能在当前代码页(936)中表示的字符。请将该文件保存为 Unicode 格式以防止数据丢失 [F:\project\pbrt-v4\build\optix.cu.vcxproj]
C:\Program Files\NVIDIA GPU Computing Toolkit\CUDA\v13.1\include\cuda_runtime_api.h(14276): warning C4819: 该文件包含不能在当前代码页(936)中表示的字符。请将该文件保存为 Unicode 格式以防止数据丢失 [F:\project\pbrt-v4\build\optix.cu.vcxproj]
C:\Program Files\NVIDIA GPU Computing Toolkit\CUDA\v13.1\include\cuda_runtime_api.h(13758): warning C4819: 该文件包含不能在当前代码页(936)中表示的字符。请将该文件保存为 Unicode 格式以防止数据丢失 [F:\project\pbrt-v4\build\optix.cu.vcxproj]
C:\Program Files\NVIDIA GPU Computing Toolkit\CUDA\v13.1\include\cuda_runtime_api.h(14276): warning C4819: 该文件包含不能在当前代码页(936)中表示的字符。请将该文件保存为 Unicode 格式以防止数据丢失 [F:\project\pbrt-v4\build\optix.cu.vcxproj]
C:\Program Files\NVIDIA GPU Computing Toolkit\CUDA\v13.1\include\cuda_runtime_api.h(13758): warning C4819: 该文件包含不能在当前代码页(936)中表示的字符。请将该文件保存为 Unicode 格式以防止数据丢失 [F:\project\pbrt-v4\build\optix.cu.vcxproj]
C:\Program Files\NVIDIA GPU Computing Toolkit\CUDA\v13.1\include\cuda_runtime_api.h(14276): warning C4819: 该文件包含不能在当前代码页(936)中表示的字符。请将该文件保存为 Unicode 格式以防止数据丢失 [F:\project\pbrt-v4\build\optix.cu.vcxproj]
C:\Program Files\NVIDIA GPU Computing Toolkit\CUDA\v13.1\include\cuda_runtime_api.h(13758): warning C4819: 该文件包含不能在当前代码页(936)中表示的字符。请将该文件保存为 Unicode 格式以防止数据丢失 [F:\project\pbrt-v4\build\optix.cu.vcxproj]
C:\Program Files\NVIDIA GPU Computing Toolkit\CUDA\v13.1\include\cuda_runtime_api.h(14276): warning C4819: 该文件包含不能在当前代码页(936)中表示的字符。请将该文件保存为 Unicode 格式以防止数据丢失 [F:\project\pbrt-v4\build\optix.cu.vcxproj]
C:\Program Files\NVIDIA GPU Computing Toolkit\CUDA\v13.1\include\cuda_runtime_api.h(13758): warning C4819: 该文件包含不能在当前代码页(936)中表示的字符。请将该文件保存为 Unicode 格式以防止数据丢失 [F:\project\pbrt-v4\build\optix.cu.vcxproj]
C:\Program Files\NVIDIA GPU Computing Toolkit\CUDA\v13.1\include\cuda_runtime_api.h(14276): warning C4819: 该文件包含不能在当前代码页(936)中表示的字符。请将该文件保存为 Unicode 格式以防止数据丢失 [F:\project\pbrt-v4\build\optix.cu.vcxproj]
C:\Program Files\NVIDIA GPU Computing Toolkit\CUDA\v13.1\include\cuda_runtime_api.h(13758): warning C4819: 该文件包含不能在当前代码页(936)中表示的字符。请将该文件保存为 Unicode 格式以防止数据丢失 [F:\project\pbrt-v4\build\optix.cu.vcxproj]
C:\Program Files\NVIDIA GPU Computing Toolkit\CUDA\v13.1\include\cuda_runtime_api.h(14276): warning C4819: 该文件包含不能在当前代码页(936)中表示的字符。请将该文件保存为 Unicode 格式以防止数据丢失 [F:\project\pbrt-v4\build\optix.cu.vcxproj]
C:\Program Files\NVIDIA GPU Computing Toolkit\CUDA\v13.1\include\cuda_runtime_api.h(13758): warning C4819: 该文件包含不能在当前代码页(936)中表示的字符。请将该文件保存为 Unicode 格式以防止数据丢失 [F:\project\pbrt-v4\build\optix.cu.vcxproj]
C:\Program Files\NVIDIA GPU Computing Toolkit\CUDA\v13.1\include\cuda_runtime_api.h(14276): warning C4819: 该文件包含不能在当前代码页(936)中表示的字符。请将该文件保存为 Unicode 格式以防止数据丢失 [F:\project\pbrt-v4\build\optix.cu.vcxproj]
C:\Program Files\NVIDIA GPU Computing Toolkit\CUDA\v13.1\include\cuda_runtime_api.h(13758): warning C4819: 该文件包含不能在当前代码页(936)中表示的字符。请将该文件保存为 Unicode 格式以防止数据丢失 [F:\project\pbrt-v4\build\optix.cu.vcxproj]
C:\Program Files\NVIDIA GPU Computing Toolkit\CUDA\v13.1\include\cuda_runtime_api.h(14276): warning C4819: 该文件包含不能在当前代码页(936)中表示的字符。请将该文件保存为 Unicode 格式以防止数据丢失 [F:\project\pbrt-v4\build\optix.cu.vcxproj]
C:\Program Files\NVIDIA GPU Computing Toolkit\CUDA\v13.1\include\cuda_runtime_api.h(13758): warning C4819: 该文件包含不能在当前代码页(936)中表示的字符。请将该文件保存为 Unicode 格式以防止数据丢失 [F:\project\pbrt-v4\build\optix.cu.vcxproj]
C:\Program Files\NVIDIA GPU Computing Toolkit\CUDA\v13.1\include\cuda_runtime_api.h(14276): warning C4819: 该文件包含不能在当前代码页(936)中表示的字符。请将该文件保存为 Unicode 格式以防止数据丢失 [F:\project\pbrt-v4\build\optix.cu.vcxproj]
C:\Program Files\NVIDIA GPU Computing Toolkit\CUDA\v13.1\include\cuda_runtime_api.h(13758): warning C4819: 该文件包含不能在当前代码页(936)中表示的字符。请将该文件保存为 Unicode 格式以防止数据丢失 [F:\project\pbrt-v4\build\optix.cu.vcxproj]
C:\Program Files\NVIDIA GPU Computing Toolkit\CUDA\v13.1\include\cuda_runtime_api.h(14276): warning C4819: 该文件包含不能在当前代码页(936)中表示的字符。请将该文件保存为 Unicode 格式以防止数据丢失 [F:\project\pbrt-v4\build\optix.cu.vcxproj]
C:\Program Files\NVIDIA GPU Computing Toolkit\CUDA\v13.1\include\cuda_runtime_api.h(13758): warning C4819: 该文件包含不能在当前代码页(936)中表示的字符。请将该文件保存为 Unicode 格式以防止数据丢失 [F:\project\pbrt-v4\build\optix.cu.vcxproj]
C:\Program Files\NVIDIA GPU Computing Toolkit\CUDA\v13.1\include\cuda_runtime_api.h(14276): warning C4819: 该文件包含不能在当前代码页(936)中表示的字符。请将该文件保存为 Unicode 格式以防止数据丢失 [F:\project\pbrt-v4\build\optix.cu.vcxproj]
C:\Program Files\NVIDIA GPU Computing Toolkit\CUDA\v13.1\include\cuda_runtime_api.h(13758): warning C4819: 该文件包含不能在当前代码页(936)中表示的字符。请将该文件保存为 Unicode 格式以防止数据丢失 [F:\project\pbrt-v4\build\optix.cu.vcxproj]
C:\Program Files\NVIDIA GPU Computing Toolkit\CUDA\v13.1\include\cuda_runtime_api.h(14276): warning C4819: 该文件包含不能在当前代码页(936)中表示的字符。请将该文件保存为 Unicode 格式以防止数据丢失 [F:\project\pbrt-v4\build\optix.cu.vcxproj]
C:\Program Files\NVIDIA GPU Computing Toolkit\CUDA\v13.1\include\cuda_runtime_api.h(13758): warning C4819: 该文件包含不能在当前代码页(936)中表示的字符。请将该文件保存为 Unicode 格式以防止数据丢失 [F:\project\pbrt-v4\build\optix.cu.vcxproj]
C:\Program Files\NVIDIA GPU Computing Toolkit\CUDA\v13.1\include\cuda_runtime_api.h(14276): warning C4819: 该文件包含不能在当前代码页(936)中表示的字符。请将该文件保存为 Unicode 格式以防止数据丢失 [F:\project\pbrt-v4\build\optix.cu.vcxproj]
C:\Program Files\NVIDIA GPU Computing Toolkit\CUDA\v13.1\include\cuda_runtime_api.h(13758): warning C4819: 该文件包含不能在当前代码页(936)中表示的字符。请将该文件保存为 Unicode 格式以防止数据丢失 [F:\project\pbrt-v4\build\optix.cu.vcxproj]
C:\Program Files\NVIDIA GPU Computing Toolkit\CUDA\v13.1\include\cuda_runtime_api.h(14276): warning C4819: 该文件包含不能在当前代码页(936)中表示的字符。请将该文件保存为 Unicode 格式以防止数据丢失 [F:\project\pbrt-v4\build\optix.cu.vcxproj]
C:\Program Files\NVIDIA GPU Computing Toolkit\CUDA\v13.1\include\cuda_runtime_api.h(13758): warning C4819: 该文件包含不能在当前代码页(936)中表示的字符。请将该文件保存为 Unicode 格式以防止数据丢失 [F:\project\pbrt-v4\build\optix.cu.vcxproj]
C:\Program Files\NVIDIA GPU Computing Toolkit\CUDA\v13.1\include\cuda_runtime_api.h(14276): warning C4819: 该文件包含不能在当前代码页(936)中表示的字符。请将该文件保存为 Unicode 格式以防止数据丢失 [F:\project\pbrt-v4\build\optix.cu.vcxproj]
C:\Program Files\NVIDIA GPU Computing Toolkit\CUDA\v13.1\include\cuda_runtime_api.h(13758): warning C4819: 该文件包含不能在当前代码页(936)中表示的字符。请将该文件保存为 Unicode 格式以防止数据丢失 [F:\project\pbrt-v4\build\optix.cu.vcxproj]
C:\Program Files\NVIDIA GPU Computing Toolkit\CUDA\v13.1\include\cuda_runtime_api.h(14276): warning C4819: 该文件包含不能在当前代码页(936)中表示的字符。请将该文件保存为 Unicode 格式以防止数据丢失 [F:\project\pbrt-v4\build\optix.cu.vcxproj]
C:\Program Files\NVIDIA GPU Computing Toolkit\CUDA\v13.1\include\cuda_runtime_api.h(13758): warning C4819: 该文件包含不能在当前代码页(936)中表示的字符。请将该文件保存为 Unicode 格式以防止数据丢失 [F:\project\pbrt-v4\build\optix.cu.vcxproj]
C:\Program Files\NVIDIA GPU Computing Toolkit\CUDA\v13.1\include\cuda_runtime_api.h(14276): warning C4819: 该文件包含不能在当前代码页(936)中表示的字符。请将该文件保存为 Unicode 格式以防止数据丢失 [F:\project\pbrt-v4\build\optix.cu.vcxproj]
C:\Program Files\NVIDIA GPU Computing Toolkit\CUDA\v13.1\include\cuda_runtime_api.h(13758): warning C4819: 该文件包含不能在当前代码页(936)中表示的字符。请将该文件保存为 Unicode 格式以防止数据丢失 [F:\project\pbrt-v4\build\optix.cu.vcxproj]
C:\Program Files\NVIDIA GPU Computing Toolkit\CUDA\v13.1\include\cuda_runtime_api.h(14276): warning C4819: 该文件包含不能在当前代码页(936)中表示的字符。请将该文件保存为 Unicode 格式以防止数据丢失 [F:\project\pbrt-v4\build\optix.cu.vcxproj]
C:\Program Files\NVIDIA GPU Computing Toolkit\CUDA\v13.1\include\cuda_runtime_api.h(13758): warning C4819: 该文件包含不能在当前代码页(936)中表示的字符。请将该文件保存为 Unicode 格式以防止数据丢失 [F:\project\pbrt-v4\build\optix.cu.vcxproj]
C:\Program Files\NVIDIA GPU Computing Toolkit\CUDA\v13.1\include\cuda_runtime_api.h(14276): warning C4819: 该文件包含不能在当前代码页(936)中表示的字符。请将该文件保存为 Unicode 格式以防止数据丢失 [F:\project\pbrt-v4\build\optix.cu.vcxproj]
C:\Program Files\NVIDIA GPU Computing Toolkit\CUDA\v13.1\include\cuda_runtime_api.h(13758): warning C4819: 该文件包含不能在当前代码页(936)中表示的字符。请将该文件保存为 Unicode 格式以防止数据丢失 [F:\project\pbrt-v4\build\optix.cu.vcxproj]
C:\Program Files\NVIDIA GPU Computing Toolkit\CUDA\v13.1\include\cuda_runtime_api.h(14276): warning C4819: 该文件包含不能在当前代码页(936)中表示的字符。请将该文件保存为 Unicode 格式以防止数据丢失 [F:\project\pbrt-v4\build\optix.cu.vcxproj]
F:/project/pbrt-v4/src/ext/openvdb/nanovdb\nanovdb/NanoVDB.h(1): warning C4819: 该文件包含不能在当前代码页(936)中表示的字符。请将该文件保存为 Unicode 格式以防止数据丢失 [F:\project\pbrt-v4\build\optix.cu.vcxproj]
C:/Program Files/NVIDIA GPU Computing Toolkit/CUDA/v13.1/include\cuda_runtime_api.h(13758): warning C4819: 该文件包含不能在当前代码页(936)中表示的字符。请将该文件保存为 Unicode 格式以防止数据丢失 [F:\project\pbrt-v4\build\optix.cu.vcxproj]
C:/Program Files/NVIDIA GPU Computing Toolkit/CUDA/v13.1/include\cuda_runtime_api.h(14276): warning C4819: 该文件包含不能在当前代码页(936)中表示的字符。请将该文件保存为 Unicode 格式以防止数据丢失 [F:\project\pbrt-v4\build\optix.cu.vcxproj]
C:/Program Files/NVIDIA GPU Computing Toolkit/CUDA/v13.1/include\cuda.h(23248): warning C4819: 该文件包含不能在当前代码页(936)中表示的字符。请将该文件保存为 Unicode 格式以防止数据丢失 [F:\project\pbrt-v4\build\optix.cu.vcxproj]
C:/Program Files/NVIDIA GPU Computing Toolkit/CUDA/v13.1/include\cuda.h(23801): warning C4819: 该文件包含不能在当前代码页(936)中表示的字符。请将该文件保存为 Unicode 格式以防止数据丢失 [F:\project\pbrt-v4\build\optix.cu.vcxproj]
C:/Program Files/NVIDIA GPU Computing Toolkit/CUDA/v13.1/include\cuda.h(25466): warning C4819: 该文件包含不能在当前代码页(936)中表示的字符。请将该文件保存为 Unicode 格式以防止数据丢失 [F:\project\pbrt-v4\build\optix.cu.vcxproj]
C:/Program Files/NVIDIA GPU Computing Toolkit/CUDA/v13.1/include\cuda_runtime_api.h(13758): warning C4819: 该文件包含不能在当前代码页(936)中表示的字符。请将该文件保存为 Unicode 格式以防止数据丢失 [F:\project\pbrt-v4\build\optix.cu.vcxproj]
C:/Program Files/NVIDIA GPU Computing Toolkit/CUDA/v13.1/include\cuda_runtime_api.h(14276): warning C4819: 该文件包含不能在当前代码页(936)中表示的字符。请将该文件保存为 Unicode 格式以防止数据丢失 [F:\project\pbrt-v4\build\optix.cu.vcxproj]
  Compiling CUDA source file ..\src\pbrt\wavefront\integrator.cpp...
  Compiling CUDA source file ..\src\pbrt\gpu\optix\aggregate.cpp...
  
  F:\project\pbrt-v4\build>"C:\Program Files\NVIDIA GPU Computing Toolkit\CUDA\v13.1\bin\nvcc.exe"  --use-local-env -ccbin "C:\Program Files\Microsoft Visual Studio\2022\Community\VC\Tools\MSVC\14.36.32532\bin\HostX64\x64" -x cu -rdc=true  -I"C:\Program Files\NVIDIA GPU Computing Toolkit\CUDA\v13.1\include" -I"C:\Program Files\NVIDIA GPU Computing Toolkit\CUDA\v13.1\include\cccl" -I"F:\project\pbrt-v4\src" -I"F:\project\pbrt-v4\src\ext" -I"F:\project\pbrt-v4\src\ext\stb" -I"F:\project\pbrt-v4\src\ext\qoi" -I"F:\project\pbrt-v4\src\ext\zlib" -I"F:\project\pbrt-v4\build\src\ext\zlib" -I"F:\project\pbrt-v4\src\ext\libdeflate" -I"F:\project\pbrt-v4\src\ext\filesystem" -I"F:\project\pbrt-v4\src\ext\ptex\src\ptex" -I"F:\project\pbrt-v4\src\ext\double-conversion" -I"F:\project\pbrt-v4\src\ext\openvdb\nanovdb" -I"F:\project\pbrt-v4\build" -I"F:\project\pbrt-v4\src\ext\glfw\include" -I"F:\project\pbrt-v4\src\ext\glad\include" -I"F:\project\pbrt-v4\src\ext\openexr\src\lib\OpenEXR" -I"F:\project\pbrt-v4\build\src\ext\openexr\cmake" -I"F:\project\pbrt-v4\src\ext\openexr\src\lib\Iex" -I"F:\project\pbrt-v4\src\ext\openexr\src\lib\IlmThread" -I"F:\project\pbrt-v4\src\ext\openexr\src\lib\OpenEXRCore" -I"C:\ProgramData\NVIDIA Corporation\OptiX SDK 8.0.0\include" -I"F:\project\pbrt-v4\src\ext\taskflow" -I"F:\project\pbrt-v4\build\_deps\imath-src\src\Imath" -I"F:\project\pbrt-v4\build\_deps\imath-build\config" -I"C:\Program Files\NVIDIA GPU Computing Toolkit\CUDA\v13.1\include"     --keep-dir pbrt_lib\x64\Release -use_fast_math -maxrregcount=128    --machine 64 --compile -cudart static -Xnvlink -suppress-stack-size-warning --gpu-architecture=sm_75 -std=c++17 /EHsc /MP -Xcudafe --diag_suppress=partial_override -Xcudafe --diag_suppress=virtual_function_decl_hidden -Xcudafe --diag_suppress=integer_sign_change -Xcudafe --diag_suppress=declared_but_not_referenced -Xcudafe --diag_suppress=implicit_return_from_non_void_function --forward-slash-prefix-opts --std=c++17 --expt-relaxed-constexpr --extended-lambda --forward-unknown-to-host-compiler -lineinfo -Xcompiler="/EHsc -Ob2 /Zc:preprocessor /wd4244 /wd4267 /wd4305 /wd4552 /wd4838 /wd4843 /wd26451 /wd26495 /wd4334 /wd4146"   -D_WINDOWS -DNDEBUG -DPBRT_IS_MSVC -D_CRT_SECURE_NO_WARNINGS -D_ENABLE_EXTENDED_ALIGNED_STORAGE -DPBRT_IS_WINDOWS -DNOMINMAX -DPBRT_BUILD_GPU_RENDERER -DPBRT_HAS_INTRIN_H -D"PBRT_NOINLINE=__declspec(noinline)" -DPBRT_RESTRICT=__restrict -DPBRT_HAVE__ALIGNED_MALLOC -DPTEX_STATIC -D"CMAKE_INTDIR=\"Release\"" -D_MBCS -DWIN32 -D_WINDOWS -DNDEBUG -DPBRT_IS_MSVC -D_CRT_SECURE_NO_WARNINGS -D_ENABLE_EXTENDED_ALIGNED_STORAGE -DPBRT_IS_WINDOWS -DNOMINMAX -DPBRT_BUILD_GPU_RENDERER -DPBRT_HAS_INTRIN_H -D"PBRT_NOINLINE=__declspec(noinline)" -DPBRT_RESTRICT=__restrict -DPBRT_HAVE__ALIGNED_MALLOC -DPTEX_STATIC -D"CMAKE_INTDIR=\"Release\"" -Xcompiler "/EHsc /W3 /nologo /O2 /FS   /MD /GR" -Xcompiler "/FdF:\project\pbrt-v4\build\Release\libpbrt.pdb" -o pbrt_lib.dir\Release\integrator.obj "F:\project\pbrt-v4\src\pbrt\wavefront\integrator.cpp" 
  
  F:\project\pbrt-v4\build>"C:\Program Files\NVIDIA GPU Computing Toolkit\CUDA\v13.1\bin\nvcc.exe"  --use-local-env -ccbin "C:\Program Files\Microsoft Visual Studio\2022\Community\VC\Tools\MSVC\14.36.32532\bin\HostX64\x64" -x cu -rdc=true  -I"C:\Program Files\NVIDIA GPU Computing Toolkit\CUDA\v13.1\include" -I"C:\Program Files\NVIDIA GPU Computing Toolkit\CUDA\v13.1\include\cccl" -I"F:\project\pbrt-v4\src" -I"F:\project\pbrt-v4\src\ext" -I"F:\project\pbrt-v4\src\ext\stb" -I"F:\project\pbrt-v4\src\ext\qoi" -I"F:\project\pbrt-v4\src\ext\zlib" -I"F:\project\pbrt-v4\build\src\ext\zlib" -I"F:\project\pbrt-v4\src\ext\libdeflate" -I"F:\project\pbrt-v4\src\ext\filesystem" -I"F:\project\pbrt-v4\src\ext\ptex\src\ptex" -I"F:\project\pbrt-v4\src\ext\double-conversion" -I"F:\project\pbrt-v4\src\ext\openvdb\nanovdb" -I"F:\project\pbrt-v4\build" -I"F:\project\pbrt-v4\src\ext\glfw\include" -I"F:\project\pbrt-v4\src\ext\glad\include" -I"F:\project\pbrt-v4\src\ext\openexr\src\lib\OpenEXR" -I"F:\project\pbrt-v4\build\src\ext\openexr\cmake" -I"F:\project\pbrt-v4\src\ext\openexr\src\lib\Iex" -I"F:\project\pbrt-v4\src\ext\openexr\src\lib\IlmThread" -I"F:\project\pbrt-v4\src\ext\openexr\src\lib\OpenEXRCore" -I"C:\ProgramData\NVIDIA Corporation\OptiX SDK 8.0.0\include" -I"F:\project\pbrt-v4\src\ext\taskflow" -I"F:\project\pbrt-v4\build\_deps\imath-src\src\Imath" -I"F:\project\pbrt-v4\build\_deps\imath-build\config" -I"C:\Program Files\NVIDIA GPU Computing Toolkit\CUDA\v13.1\include"     --keep-dir pbrt_lib\x64\Release -use_fast_math -maxrregcount=128    --machine 64 --compile -cudart static -Xnvlink -suppress-stack-size-warning --gpu-architecture=sm_75 -std=c++17 /EHsc /MP -Xcudafe --diag_suppress=partial_override -Xcudafe --diag_suppress=virtual_function_decl_hidden -Xcudafe --diag_suppress=integer_sign_change -Xcudafe --diag_suppress=declared_but_not_referenced -Xcudafe --diag_suppress=implicit_return_from_non_void_function --forward-slash-prefix-opts --std=c++17 --expt-relaxed-constexpr --extended-lambda --forward-unknown-to-host-compiler -lineinfo -Xcompiler="/EHsc -Ob2 /Zc:preprocessor /wd4244 /wd4267 /wd4305 /wd4552 /wd4838 /wd4843 /wd26451 /wd26495 /wd4334 /wd4146"   -D_WINDOWS -DNDEBUG -DPBRT_IS_MSVC -D_CRT_SECURE_NO_WARNINGS -D_ENABLE_EXTENDED_ALIGNED_STORAGE -DPBRT_IS_WINDOWS -DNOMINMAX -DPBRT_BUILD_GPU_RENDERER -DPBRT_HAS_INTRIN_H -D"PBRT_NOINLINE=__declspec(noinline)" -DPBRT_RESTRICT=__restrict -DPBRT_HAVE__ALIGNED_MALLOC -DPTEX_STATIC -D"CMAKE_INTDIR=\"Release\"" -D_MBCS -DWIN32 -D_WINDOWS -DNDEBUG -DPBRT_IS_MSVC -D_CRT_SECURE_NO_WARNINGS -D_ENABLE_EXTENDED_ALIGNED_STORAGE -DPBRT_IS_WINDOWS -DNOMINMAX -DPBRT_BUILD_GPU_RENDERER -DPBRT_HAS_INTRIN_H -D"PBRT_NOINLINE=__declspec(noinline)" -DPBRT_RESTRICT=__restrict -DPBRT_HAVE__ALIGNED_MALLOC -DPTEX_STATIC -D"CMAKE_INTDIR=\"Release\"" -Xcompiler "/EHsc /W3 /nologo /O2 /FS   /MD /GR" -Xcompiler "/FdF:\project\pbrt-v4\build\Release\libpbrt.pdb" -o pbrt_lib.dir\Release\/src/pbrt/gpu/optix/aggregate.cpp.obj "F:\project\pbrt-v4\src\pbrt\gpu\optix\aggregate.cpp" 
C:\Program Files\NVIDIA GPU Computing Toolkit\CUDA\v13.1\include\cuda_runtime_api.h(13758): warning C4819: 该文件包含不能在当前代码页(936)中表示的字符。请将该文件保存为 Unicode 格式以防止数据丢失 [F:\project\pbrt-v4\build\pbrt_lib.vcxproj]
C:\Program Files\NVIDIA GPU Computing Toolkit\CUDA\v13.1\include\cuda_runtime_api.h(14276): warning C4819: 该文件包含不能在当前代码页(936)中表示的字符。请将该文件保存为 Unicode 格式以防止数据丢失 [F:\project\pbrt-v4\build\pbrt_lib.vcxproj]
C:\Program Files\NVIDIA GPU Computing Toolkit\CUDA\v13.1\include\cuda_runtime_api.h(13758): warning C4819: 该文件包含不能在当前代码页(936)中表示的字符。请将该文件保存为 Unicode 格式以防止数据丢失 [F:\project\pbrt-v4\build\pbrt_lib.vcxproj]
C:\Program Files\NVIDIA GPU Computing Toolkit\CUDA\v13.1\include\cuda_runtime_api.h(14276): warning C4819: 该文件包含不能在当前代码页(936)中表示的字符。请将该文件保存为 Unicode 格式以防止数据丢失 [F:\project\pbrt-v4\build\pbrt_lib.vcxproj]
C:\Program Files\NVIDIA GPU Computing Toolkit\CUDA\v13.1\include\cuda_runtime_api.h(13758): warning C4819: 该文件包含不能在当前代码页(936)中表示的字符。请将该文件保存为 Unicode 格式以防止数据丢失 [F:\project\pbrt-v4\build\pbrt_lib.vcxproj]
C:\Program Files\NVIDIA GPU Computing Toolkit\CUDA\v13.1\include\cuda_runtime_api.h(14276): warning C4819: 该文件包含不能在当前代码页(936)中表示的字符。请将该文件保存为 Unicode 格式以防止数据丢失 [F:\project\pbrt-v4\build\pbrt_lib.vcxproj]
C:\Program Files\NVIDIA GPU Computing Toolkit\CUDA\v13.1\include\cuda_runtime_api.h(13758): warning C4819: 该文件包含不能在当前代码页(936)中表示的字符。请将该文件保存为 Unicode 格式以防止数据丢失 [F:\project\pbrt-v4\build\pbrt_lib.vcxproj]
C:\Program Files\NVIDIA GPU Computing Toolkit\CUDA\v13.1\include\cuda_runtime_api.h(14276): warning C4819: 该文件包含不能在当前代码页(936)中表示的字符。请将该文件保存为 Unicode 格式以防止数据丢失 [F:\project\pbrt-v4\build\pbrt_lib.vcxproj]
C:\Program Files\NVIDIA GPU Computing Toolkit\CUDA\v13.1\include\cuda_runtime_api.h(13758): warning C4819: 该文件包含不能在当前代码页(936)中表示的字符。请将该文件保存为 Unicode 格式以防止数据丢失 [F:\project\pbrt-v4\build\pbrt_lib.vcxproj]
C:\Program Files\NVIDIA GPU Computing Toolkit\CUDA\v13.1\include\cuda_runtime_api.h(14276): warning C4819: 该文件包含不能在当前代码页(936)中表示的字符。请将该文件保存为 Unicode 格式以防止数据丢失 [F:\project\pbrt-v4\build\pbrt_lib.vcxproj]
C:\Program Files\NVIDIA GPU Computing Toolkit\CUDA\v13.1\include\cuda_runtime_api.h(13758): warning C4819: 该文件包含不能在当前代码页(936)中表示的字符。请将该文件保存为 Unicode 格式以防止数据丢失 [F:\project\pbrt-v4\build\pbrt_lib.vcxproj]
C:\Program Files\NVIDIA GPU Computing Toolkit\CUDA\v13.1\include\cuda_runtime_api.h(14276): warning C4819: 该文件包含不能在当前代码页(936)中表示的字符。请将该文件保存为 Unicode 格式以防止数据丢失 [F:\project\pbrt-v4\build\pbrt_lib.vcxproj]
C:\Program Files\NVIDIA GPU Computing Toolkit\CUDA\v13.1\include\cuda_runtime_api.h(13758): warning C4819: 该文件包含不能在当前代码页(936)中表示的字符。请将该文件保存为 Unicode 格式以防止数据丢失 [F:\project\pbrt-v4\build\pbrt_lib.vcxproj]
C:\Program Files\NVIDIA GPU Computing Toolkit\CUDA\v13.1\include\cuda_runtime_api.h(14276): warning C4819: 该文件包含不能在当前代码页(936)中表示的字符。请将该文件保存为 Unicode 格式以防止数据丢失 [F:\project\pbrt-v4\build\pbrt_lib.vcxproj]
C:\Program Files\NVIDIA GPU Computing Toolkit\CUDA\v13.1\include\cuda_runtime_api.h(13758): warning C4819: 该文件包含不能在当前代码页(936)中表示的字符。请将该文件保存为 Unicode 格式以防止数据丢失 [F:\project\pbrt-v4\build\pbrt_lib.vcxproj]
C:\Program Files\NVIDIA GPU Computing Toolkit\CUDA\v13.1\include\cuda_runtime_api.h(14276): warning C4819: 该文件包含不能在当前代码页(936)中表示的字符。请将该文件保存为 Unicode 格式以防止数据丢失 [F:\project\pbrt-v4\build\pbrt_lib.vcxproj]
C:\Program Files\NVIDIA GPU Computing Toolkit\CUDA\v13.1\include\cuda_runtime_api.h(13758): warning C4819: 该文件包含不能在当前代码页(936)中表示的字符。请将该文件保存为 Unicode 格式以防止数据丢失 [F:\project\pbrt-v4\build\pbrt_lib.vcxproj]
C:\Program Files\NVIDIA GPU Computing Toolkit\CUDA\v13.1\include\cuda_runtime_api.h(14276): warning C4819: 该文件包含不能在当前代码页(936)中表示的字符。请将该文件保存为 Unicode 格式以防止数据丢失 [F:\project\pbrt-v4\build\pbrt_lib.vcxproj]
C:\Program Files\NVIDIA GPU Computing Toolkit\CUDA\v13.1\include\cuda_runtime_api.h(13758): warning C4819: 该文件包含不能在当前代码页(936)中表示的字符。请将该文件保存为 Unicode 格式以防止数据丢失 [F:\project\pbrt-v4\build\pbrt_lib.vcxproj]
C:\Program Files\NVIDIA GPU Computing Toolkit\CUDA\v13.1\include\cuda_runtime_api.h(14276): warning C4819: 该文件包含不能在当前代码页(936)中表示的字符。请将该文件保存为 Unicode 格式以防止数据丢失 [F:\project\pbrt-v4\build\pbrt_lib.vcxproj]
C:\Program Files\NVIDIA GPU Computing Toolkit\CUDA\v13.1\include\cuda_runtime_api.h(13758): warning C4819: 该文件包含不能在当前代码页(936)中表示的字符。请将该文件保存为 Unicode 格式以防止数据丢失 [F:\project\pbrt-v4\build\pbrt_lib.vcxproj]
C:\Program Files\NVIDIA GPU Computing Toolkit\CUDA\v13.1\include\cuda_runtime_api.h(14276): warning C4819: 该文件包含不能在当前代码页(936)中表示的字符。请将该文件保存为 Unicode 格式以防止数据丢失 [F:\project\pbrt-v4\build\pbrt_lib.vcxproj]
C:\Program Files\NVIDIA GPU Computing Toolkit\CUDA\v13.1\include\cuda_runtime_api.h(13758): warning C4819: 该文件包含不能在当前代码页(936)中表示的字符。请将该文件保存为 Unicode 格式以防止数据丢失 [F:\project\pbrt-v4\build\pbrt_lib.vcxproj]
C:\Program Files\NVIDIA GPU Computing Toolkit\CUDA\v13.1\include\cuda_runtime_api.h(14276): warning C4819: 该文件包含不能在当前代码页(936)中表示的字符。请将该文件保存为 Unicode 格式以防止数据丢失 [F:\project\pbrt-v4\build\pbrt_lib.vcxproj]
C:\Program Files\NVIDIA GPU Computing Toolkit\CUDA\v13.1\include\cuda_runtime_api.h(13758): warning C4819: 该文件包含不能在当前代码页(936)中表示的字符。请将该文件保存为 Unicode 格式以防止数据丢失 [F:\project\pbrt-v4\build\pbrt_lib.vcxproj]
C:\Program Files\NVIDIA GPU Computing Toolkit\CUDA\v13.1\include\cuda_runtime_api.h(14276): warning C4819: 该文件包含不能在当前代码页(936)中表示的字符。请将该文件保存为 Unicode 格式以防止数据丢失 [F:\project\pbrt-v4\build\pbrt_lib.vcxproj]
C:\Program Files\NVIDIA GPU Computing Toolkit\CUDA\v13.1\include\cuda_runtime_api.h(13758): warning C4819: 该文件包含不能在当前代码页(936)中表示的字符。请将该文件保存为 Unicode 格式以防止数据丢失 [F:\project\pbrt-v4\build\pbrt_lib.vcxproj]
C:\Program Files\NVIDIA GPU Computing Toolkit\CUDA\v13.1\include\cuda_runtime_api.h(14276): warning C4819: 该文件包含不能在当前代码页(936)中表示的字符。请将该文件保存为 Unicode 格式以防止数据丢失 [F:\project\pbrt-v4\build\pbrt_lib.vcxproj]
C:\Program Files\NVIDIA GPU Computing Toolkit\CUDA\v13.1\include\cuda_runtime_api.h(13758): warning C4819: 该文件包含不能在当前代码页(936)中表示的字符。请将该文件保存为 Unicode 格式以防止数据丢失 [F:\project\pbrt-v4\build\pbrt_lib.vcxproj]
C:\Program Files\NVIDIA GPU Computing Toolkit\CUDA\v13.1\include\cuda_runtime_api.h(14276): warning C4819: 该文件包含不能在当前代码页(936)中表示的字符。请将该文件保存为 Unicode 格式以防止数据丢失 [F:\project\pbrt-v4\build\pbrt_lib.vcxproj]
C:/Program Files/NVIDIA GPU Computing Toolkit/CUDA/v13.1/include\cuda.h(23248): warning C4819: 该文件包含不能在当前代码页(936)中表示的字符。请将该文件保存为 Unicode 格式以防止数据丢失 [F:\project\pbrt-v4\build\pbrt_lib.vcxproj]
C:/Program Files/NVIDIA GPU Computing Toolkit/CUDA/v13.1/include\cuda.h(23801): warning C4819: 该文件包含不能在当前代码页(936)中表示的字符。请将该文件保存为 Unicode 格式以防止数据丢失 [F:\project\pbrt-v4\build\pbrt_lib.vcxproj]
C:/Program Files/NVIDIA GPU Computing Toolkit/CUDA/v13.1/include\cuda.h(25466): warning C4819: 该文件包含不能在当前代码页(936)中表示的字符。请将该文件保存为 Unicode 格式以防止数据丢失 [F:\project\pbrt-v4\build\pbrt_lib.vcxproj]
C:/Program Files/NVIDIA GPU Computing Toolkit/CUDA/v13.1/include\cuda_runtime_api.h(13758): warning C4819: 该文件包含不能在当前代码页(936)中表示的字符。请将该文件保存为 Unicode 格式以防止数据丢失 [F:\project\pbrt-v4\build\pbrt_lib.vcxproj]
C:/Program Files/NVIDIA GPU Computing Toolkit/CUDA/v13.1/include\cuda_runtime_api.h(14276): warning C4819: 该文件包含不能在当前代码页(936)中表示的字符。请将该文件保存为 Unicode 格式以防止数据丢失 [F:\project\pbrt-v4\build\pbrt_lib.vcxproj]
F:/project/pbrt-v4/src/ext/openvdb/nanovdb\nanovdb/NanoVDB.h(1): warning C4819: 该文件包含不能在当前代码页(936)中表示的字符。请将该文件保存为 Unicode 格式以防止数据丢失 [F:\project\pbrt-v4\build\pbrt_lib.vcxproj]
C:/Program Files/NVIDIA GPU Computing Toolkit/CUDA/v13.1/include\cuda_runtime_api.h(13758): warning C4819: 该文件包含不能在当前代码页(936)中表示的字符。请将该文件保存为 Unicode 格式以防止数据丢失 [F:\project\pbrt-v4\build\pbrt_lib.vcxproj]
C:/Program Files/NVIDIA GPU Computing Toolkit/CUDA/v13.1/include\cuda_runtime_api.h(14276): warning C4819: 该文件包含不能在当前代码页(936)中表示的字符。请将该文件保存为 Unicode 格式以防止数据丢失 [F:\project\pbrt-v4\build\pbrt_lib.vcxproj]
C:\Program Files\NVIDIA GPU Computing Toolkit\CUDA\v13.1\include\cuda_runtime_api.h(13758): warning C4819: 该文件包含不能在当前代码页(936)中表示的字符。请将该文件保存为 Unicode 格式以防止数据丢失 [F:\project\pbrt-v4\build\pbrt_lib.vcxproj]
C:\Program Files\NVIDIA GPU Computing Toolkit\CUDA\v13.1\include\cuda_runtime_api.h(14276): warning C4819: 该文件包含不能在当前代码页(936)中表示的字符。请将该文件保存为 Unicode 格式以防止数据丢失 [F:\project\pbrt-v4\build\pbrt_lib.vcxproj]
C:\Program Files\NVIDIA GPU Computing Toolkit\CUDA\v13.1\include\cuda_runtime_api.h(13758): warning C4819: 该文件包含不能在当前代码页(936)中表示的字符。请将该文件保存为 Unicode 格式以防止数据丢失 [F:\project\pbrt-v4\build\pbrt_lib.vcxproj]
C:\Program Files\NVIDIA GPU Computing Toolkit\CUDA\v13.1\include\cuda_runtime_api.h(14276): warning C4819: 该文件包含不能在当前代码页(936)中表示的字符。请将该文件保存为 Unicode 格式以防止数据丢失 [F:\project\pbrt-v4\build\pbrt_lib.vcxproj]
C:\Program Files\NVIDIA GPU Computing Toolkit\CUDA\v13.1\include\cuda_runtime_api.h(13758): warning C4819: 该文件包含不能在当前代码页(936)中表示的字符。请将该文件保存为 Unicode 格式以防止数据丢失 [F:\project\pbrt-v4\build\pbrt_lib.vcxproj]
C:\Program Files\NVIDIA GPU Computing Toolkit\CUDA\v13.1\include\cuda_runtime_api.h(14276): warning C4819: 该文件包含不能在当前代码页(936)中表示的字符。请将该文件保存为 Unicode 格式以防止数据丢失 [F:\project\pbrt-v4\build\pbrt_lib.vcxproj]
C:\Program Files\NVIDIA GPU Computing Toolkit\CUDA\v13.1\include\cuda_runtime_api.h(13758): warning C4819: 该文件包含不能在当前代码页(936)中表示的字符。请将该文件保存为 Unicode 格式以防止数据丢失 [F:\project\pbrt-v4\build\pbrt_lib.vcxproj]
C:\Program Files\NVIDIA GPU Computing Toolkit\CUDA\v13.1\include\cuda_runtime_api.h(14276): warning C4819: 该文件包含不能在当前代码页(936)中表示的字符。请将该文件保存为 Unicode 格式以防止数据丢失 [F:\project\pbrt-v4\build\pbrt_lib.vcxproj]
C:\Program Files\NVIDIA GPU Computing Toolkit\CUDA\v13.1\include\cuda_runtime_api.h(13758): warning C4819: 该文件包含不能在当前代码页(936)中表示的字符。请将该文件保存为 Unicode 格式以防止数据丢失 [F:\project\pbrt-v4\build\pbrt_lib.vcxproj]
C:\Program Files\NVIDIA GPU Computing Toolkit\CUDA\v13.1\include\cuda_runtime_api.h(14276): warning C4819: 该文件包含不能在当前代码页(936)中表示的字符。请将该文件保存为 Unicode 格式以防止数据丢失 [F:\project\pbrt-v4\build\pbrt_lib.vcxproj]
C:\Program Files\NVIDIA GPU Computing Toolkit\CUDA\v13.1\include\cuda_runtime_api.h(13758): warning C4819: 该文件包含不能在当前代码页(936)中表示的字符。请将该文件保存为 Unicode 格式以防止数据丢失 [F:\project\pbrt-v4\build\pbrt_lib.vcxproj]
C:\Program Files\NVIDIA GPU Computing Toolkit\CUDA\v13.1\include\cuda_runtime_api.h(14276): warning C4819: 该文件包含不能在当前代码页(936)中表示的字符。请将该文件保存为 Unicode 格式以防止数据丢失 [F:\project\pbrt-v4\build\pbrt_lib.vcxproj]
C:\Program Files\NVIDIA GPU Computing Toolkit\CUDA\v13.1\include\cuda_runtime_api.h(13758): warning C4819: 该文件包含不能在当前代码页(936)中表示的字符。请将该文件保存为 Unicode 格式以防止数据丢失 [F:\project\pbrt-v4\build\pbrt_lib.vcxproj]
C:\Program Files\NVIDIA GPU Computing Toolkit\CUDA\v13.1\include\cuda_runtime_api.h(14276): warning C4819: 该文件包含不能在当前代码页(936)中表示的字符。请将该文件保存为 Unicode 格式以防止数据丢失 [F:\project\pbrt-v4\build\pbrt_lib.vcxproj]
C:\Program Files\NVIDIA GPU Computing Toolkit\CUDA\v13.1\include\cuda_runtime_api.h(13758): warning C4819: 该文件包含不能在当前代码页(936)中表示的字符。请将该文件保存为 Unicode 格式以防止数据丢失 [F:\project\pbrt-v4\build\pbrt_lib.vcxproj]
C:\Program Files\NVIDIA GPU Computing Toolkit\CUDA\v13.1\include\cuda_runtime_api.h(14276): warning C4819: 该文件包含不能在当前代码页(936)中表示的字符。请将该文件保存为 Unicode 格式以防止数据丢失 [F:\project\pbrt-v4\build\pbrt_lib.vcxproj]
C:\Program Files\NVIDIA GPU Computing Toolkit\CUDA\v13.1\include\cuda_runtime_api.h(13758): warning C4819: 该文件包含不能在当前代码页(936)中表示的字符。请将该文件保存为 Unicode 格式以防止数据丢失 [F:\project\pbrt-v4\build\pbrt_lib.vcxproj]
C:\Program Files\NVIDIA GPU Computing Toolkit\CUDA\v13.1\include\cuda_runtime_api.h(14276): warning C4819: 该文件包含不能在当前代码页(936)中表示的字符。请将该文件保存为 Unicode 格式以防止数据丢失 [F:\project\pbrt-v4\build\pbrt_lib.vcxproj]
C:\Program Files\NVIDIA GPU Computing Toolkit\CUDA\v13.1\include\cuda_runtime_api.h(13758): warning C4819: 该文件包含不能在当前代码页(936)中表示的字符。请将该文件保存为 Unicode 格式以防止数据丢失 [F:\project\pbrt-v4\build\pbrt_lib.vcxproj]
C:\Program Files\NVIDIA GPU Computing Toolkit\CUDA\v13.1\include\cuda_runtime_api.h(14276): warning C4819: 该文件包含不能在当前代码页(936)中表示的字符。请将该文件保存为 Unicode 格式以防止数据丢失 [F:\project\pbrt-v4\build\pbrt_lib.vcxproj]
C:\Program Files\NVIDIA GPU Computing Toolkit\CUDA\v13.1\include\cuda_runtime_api.h(13758): warning C4819: 该文件包含不能在当前代码页(936)中表示的字符。请将该文件保存为 Unicode 格式以防止数据丢失 [F:\project\pbrt-v4\build\pbrt_lib.vcxproj]
C:\Program Files\NVIDIA GPU Computing Toolkit\CUDA\v13.1\include\cuda_runtime_api.h(14276): warning C4819: 该文件包含不能在当前代码页(936)中表示的字符。请将该文件保存为 Unicode 格式以防止数据丢失 [F:\project\pbrt-v4\build\pbrt_lib.vcxproj]
C:\Program Files\NVIDIA GPU Computing Toolkit\CUDA\v13.1\include\cuda_runtime_api.h(13758): warning C4819: 该文件包含不能在当前代码页(936)中表示的字符。请将该文件保存为 Unicode 格式以防止数据丢失 [F:\project\pbrt-v4\build\pbrt_lib.vcxproj]
C:\Program Files\NVIDIA GPU Computing Toolkit\CUDA\v13.1\include\cuda_runtime_api.h(14276): warning C4819: 该文件包含不能在当前代码页(936)中表示的字符。请将该文件保存为 Unicode 格式以防止数据丢失 [F:\project\pbrt-v4\build\pbrt_lib.vcxproj]
C:\Program Files\NVIDIA GPU Computing Toolkit\CUDA\v13.1\include\cuda_runtime_api.h(13758): warning C4819: 该文件包含不能在当前代码页(936)中表示的字符。请将该文件保存为 Unicode 格式以防止数据丢失 [F:\project\pbrt-v4\build\pbrt_lib.vcxproj]
C:\Program Files\NVIDIA GPU Computing Toolkit\CUDA\v13.1\include\cuda_runtime_api.h(14276): warning C4819: 该文件包含不能在当前代码页(936)中表示的字符。请将该文件保存为 Unicode 格式以防止数据丢失 [F:\project\pbrt-v4\build\pbrt_lib.vcxproj]
C:\Program Files\NVIDIA GPU Computing Toolkit\CUDA\v13.1\include\cuda_runtime_api.h(13758): warning C4819: 该文件包含不能在当前代码页(936)中表示的字符。请将该文件保存为 Unicode 格式以防止数据丢失 [F:\project\pbrt-v4\build\pbrt_lib.vcxproj]
C:\Program Files\NVIDIA GPU Computing Toolkit\CUDA\v13.1\include\cuda_runtime_api.h(14276): warning C4819: 该文件包含不能在当前代码页(936)中表示的字符。请将该文件保存为 Unicode 格式以防止数据丢失 [F:\project\pbrt-v4\build\pbrt_lib.vcxproj]
C:\Program Files\NVIDIA GPU Computing Toolkit\CUDA\v13.1\include\cuda_runtime_api.h(13758): warning C4819: 该文件包含不能在当前代码页(936)中表示的字符。请将该文件保存为 Unicode 格式以防止数据丢失 [F:\project\pbrt-v4\build\pbrt_lib.vcxproj]
C:\Program Files\NVIDIA GPU Computing Toolkit\CUDA\v13.1\include\cuda_runtime_api.h(14276): warning C4819: 该文件包含不能在当前代码页(936)中表示的字符。请将该文件保存为 Unicode 格式以防止数据丢失 [F:\project\pbrt-v4\build\pbrt_lib.vcxproj]
C:\Program Files\NVIDIA GPU Computing Toolkit\CUDA\v13.1\include\cuda_runtime_api.h(13758): warning C4819: 该文件包含不能在当前代码页(936)中表示的字符。请将该文件保存为 Unicode 格式以防止数据丢失 [F:\project\pbrt-v4\build\pbrt_lib.vcxproj]
C:\Program Files\NVIDIA GPU Computing Toolkit\CUDA\v13.1\include\cuda_runtime_api.h(14276): warning C4819: 该文件包含不能在当前代码页(936)中表示的字符。请将该文件保存为 Unicode 格式以防止数据丢失 [F:\project\pbrt-v4\build\pbrt_lib.vcxproj]
F:/project/pbrt-v4/src/ext/openvdb/nanovdb\nanovdb/NanoVDB.h(1): warning C4819: 该文件包含不能在当前代码页(936)中表示的字符。请将该文件保存为 Unicode 格式以防止数据丢失 [F:\project\pbrt-v4\build\pbrt_lib.vcxproj]
C:/Program Files/NVIDIA GPU Computing Toolkit/CUDA/v13.1/include\cuda_runtime_api.h(13758): warning C4819: 该文件包含不能在当前代码页(936)中表示的字符。请将该文件保存为 Unicode 格式以防止数据丢失 [F:\project\pbrt-v4\build\pbrt_lib.vcxproj]
C:/Program Files/NVIDIA GPU Computing Toolkit/CUDA/v13.1/include\cuda_runtime_api.h(14276): warning C4819: 该文件包含不能在当前代码页(936)中表示的字符。请将该文件保存为 Unicode 格式以防止数据丢失 [F:\project\pbrt-v4\build\pbrt_lib.vcxproj]
C:/Program Files/NVIDIA GPU Computing Toolkit/CUDA/v13.1/include\cuda.h(23248): warning C4819: 该文件包含不能在当前代码页(936)中表示的字符。请将该文件保存为 Unicode 格式以防止数据丢失 [F:\project\pbrt-v4\build\pbrt_lib.vcxproj]
C:/Program Files/NVIDIA GPU Computing Toolkit/CUDA/v13.1/include\cuda.h(23801): warning C4819: 该文件包含不能在当前代码页(936)中表示的字符。请将该文件保存为 Unicode 格式以防止数据丢失 [F:\project\pbrt-v4\build\pbrt_lib.vcxproj]
C:/Program Files/NVIDIA GPU Computing Toolkit/CUDA/v13.1/include\cuda.h(25466): warning C4819: 该文件包含不能在当前代码页(936)中表示的字符。请将该文件保存为 Unicode 格式以防止数据丢失 [F:\project\pbrt-v4\build\pbrt_lib.vcxproj]
C:/Program Files/NVIDIA GPU Computing Toolkit/CUDA/v13.1/include\cuda_runtime_api.h(13758): warning C4819: 该文件包含不能在当前代码页(936)中表示的字符。请将该文件保存为 Unicode 格式以防止数据丢失 [F:\project\pbrt-v4\build\pbrt_lib.vcxproj]
C:/Program Files/NVIDIA GPU Computing Toolkit/CUDA/v13.1/include\cuda_runtime_api.h(14276): warning C4819: 该文件包含不能在当前代码页(936)中表示的字符。请将该文件保存为 Unicode 格式以防止数据丢失 [F:\project\pbrt-v4\build\pbrt_lib.vcxproj]
F:\project\pbrt-v4\src\pbrt\wavefront\integrator.cpp(130): error : identifier "LoadedPlyMeshes" is undefined [F:\project\pbrt-v4\build\pbrt_lib.vcxproj]
                LoadedPlyMeshes loaded =
                ^
  
F:\project\pbrt-v4\src\pbrt\wavefront\integrator.cpp(130): error : expected a ";" [F:\project\pbrt-v4\build\pbrt_lib.vcxproj]
                LoadedPlyMeshes loaded =
                                ^
  
F:\project\pbrt-v4\src\pbrt\wavefront\integrator.cpp(132): error : identifier "loaded" is undefined [F:\project\pbrt-v4\build\pbrt_lib.vcxproj]
                preloadedPlyMeshes = std::move(loaded.meshes);
                                               ^
  
  3 errors detected in the compilation of "F:/project/pbrt-v4/src/pbrt/wavefront/integrator.cpp".
  integrator.cpp
C:\Program Files\Microsoft Visual Studio\2022\Community\MSBuild\Microsoft\VC\v170\BuildCustomizations\CUDA 13.1.targets(803,9): error MSB3721: 命令“"C:\Program Files\NVIDIA GPU Computing Toolkit\CUDA\v13.1\bin\nvcc.exe"  --use-local-env -ccbin "C:\Program Files\Microsoft Visual Studio\2022\Community\VC\Tools\MSVC\14.36.32532\bin\HostX64\x64" -x cu -rdc=true  -I"C:\Program Files\NVIDIA GPU Computing Toolkit\CUDA\v13.1\include" -I"C:\Program Files\NVIDIA GPU Computing Toolkit\CUDA\v13.1\include\cccl" -I"F:\project\pbrt-v4\src" -I"F:\project\pbrt-v4\src\ext" -I"F:\project\pbrt-v4\src\ext\stb" -I"F:\project\pbrt-v4\src\ext\qoi" -I"F:\project\pbrt-v4\src\ext\zlib" -I"F:\project\pbrt-v4\build\src\ext\zlib" -I"F:\project\pbrt-v4\src\ext\libdeflate" -I"F:\project\pbrt-v4\src\ext\filesystem" -I"F:\project\pbrt-v4\src\ext\ptex\src\ptex" -I"F:\project\pbrt-v4\src\ext\double-conversion" -I"F:\project\pbrt-v4\src\ext\openvdb\nanovdb" -I"F:\project\pbrt-v4\build" -I"F:\project\pbrt-v4\src\ext\glfw\include" -I"F:\project\pbrt-v4\src\ext\glad\include" -I"F:\project\pbrt-v4\src\ext\openexr\src\lib\OpenEXR" -I"F:\project\pbrt-v4\build\src\ext\openexr\cmake" -I"F:\project\pbrt-v4\src\ext\openexr\src\lib\Iex" -I"F:\project\pbrt-v4\src\ext\openexr\src\lib\IlmThread" -I"F:\project\pbrt-v4\src\ext\openexr\src\lib\OpenEXRCore" -I"C:\ProgramData\NVIDIA Corporation\OptiX SDK 8.0.0\include" -I"F:\project\pbrt-v4\src\ext\taskflow" -I"F:\project\pbrt-v4\build\_deps\imath-src\src\Imath" -I"F:\project\pbrt-v4\build\_deps\imath-build\config" -I"C:\Program Files\NVIDIA GPU Computing Toolkit\CUDA\v13.1\include"     --keep-dir pbrt_lib\x64\Release -use_fast_math -maxrregcount=128    --machine 64 --compile -cudart static -Xnvlink -suppress-stack-size-warning --gpu-architecture=sm_75 -std=c++17 /EHsc /MP -Xcudafe --diag_suppress=partial_override -Xcudafe --diag_suppress=virtual_function_decl_hidden -Xcudafe --diag_suppress=integer_sign_change -Xcudafe --diag_suppress=declared_but_not_referenced -Xcudafe --diag_suppress=implicit_return_from_non_void_function --forward-slash-prefix-opts --std=c++17 --expt-relaxed-constexpr --extended-lambda --forward-unknown-to-host-compiler -lineinfo -Xcompiler="/EHsc -Ob2 /Zc:preprocessor /wd4244 /wd4267 /wd4305 /wd4552 /wd4838 /wd4843 /wd26451 /wd26495 /wd4334 /wd4146"   -D_WINDOWS -DNDEBUG -DPBRT_IS_MSVC -D_CRT_SECURE_NO_WARNINGS -D_ENABLE_EXTENDED_ALIGNED_STORAGE -DPBRT_IS_WINDOWS -DNOMINMAX -DPBRT_BUILD_GPU_RENDERER -DPBRT_HAS_INTRIN_H -D"PBRT_NOINLINE=__declspec(noinline)" -DPBRT_RESTRICT=__restrict -DPBRT_HAVE__ALIGNED_MALLOC -DPTEX_STATIC -D"CMAKE_INTDIR=\"Release\"" -D_MBCS -DWIN32 -D_WINDOWS -DNDEBUG -DPBRT_IS_MSVC -D_CRT_SECURE_NO_WARNINGS -D_ENABLE_EXTENDED_ALIGNED_STORAGE -DPBRT_IS_WINDOWS -DNOMINMAX -DPBRT_BUILD_GPU_RENDERER -DPBRT_HAS_INTRIN_H -D"PBRT_NOINLINE=__declspec(noinline)" -DPBRT_RESTRICT=__restrict -DPBRT_HAVE__ALIGNED_MALLOC -DPTEX_STATIC -D"CMAKE_INTDIR=\"Release\"" -Xcompiler "/EHsc /W3 /nologo /O2 /FS   /MD /GR" -Xcompiler "/FdF:\project\pbrt-v4\build\Release\libpbrt.pdb" -o pbrt_lib.dir\Release\integrator.obj "F:\project\pbrt-v4\src\pbrt\wavefront\integrator.cpp"”已退出，返回代码为 2。 [F:\project\pbrt-v4\build\pbrt_lib.vcxproj]
C:\Program Files\NVIDIA GPU Computing Toolkit\CUDA\v13.1\include\cuda_runtime_api.h(13758): warning C4819: 该文件包含不能在当前代码页(936)中表示的字符。请将该文件保存为 Unicode 格式以防止数据丢失 [F:\project\pbrt-v4\build\pbrt_lib.vcxproj]
C:\Program Files\NVIDIA GPU Computing Toolkit\CUDA\v13.1\include\cuda_runtime_api.h(14276): warning C4819: 该文件包含不能在当前代码页(936)中表示的字符。请将该文件保存为 Unicode 格式以防止数据丢失 [F:\project\pbrt-v4\build\pbrt_lib.vcxproj]
C:\Program Files\NVIDIA GPU Computing Toolkit\CUDA\v13.1\include\cuda_runtime_api.h(13758): warning C4819: 该文件包含不能在当前代码页(936)中表示的字符。请将该文件保存为 Unicode 格式以防止数据丢失 [F:\project\pbrt-v4\build\pbrt_lib.vcxproj]
C:\Program Files\NVIDIA GPU Computing Toolkit\CUDA\v13.1\include\cuda_runtime_api.h(14276): warning C4819: 该文件包含不能在当前代码页(936)中表示的字符。请将该文件保存为 Unicode 格式以防止数据丢失 [F:\project\pbrt-v4\build\pbrt_lib.vcxproj]
C:\Program Files\NVIDIA GPU Computing Toolkit\CUDA\v13.1\include\cuda_runtime_api.h(13758): warning C4819: 该文件包含不能在当前代码页(936)中表示的字符。请将该文件保存为 Unicode 格式以防止数据丢失 [F:\project\pbrt-v4\build\pbrt_lib.vcxproj]
C:\Program Files\NVIDIA GPU Computing Toolkit\CUDA\v13.1\include\cuda_runtime_api.h(14276): warning C4819: 该文件包含不能在当前代码页(936)中表示的字符。请将该文件保存为 Unicode 格式以防止数据丢失 [F:\project\pbrt-v4\build\pbrt_lib.vcxproj]
C:\Program Files\NVIDIA GPU Computing Toolkit\CUDA\v13.1\include\cuda_runtime_api.h(13758): warning C4819: 该文件包含不能在当前代码页(936)中表示的字符。请将该文件保存为 Unicode 格式以防止数据丢失 [F:\project\pbrt-v4\build\pbrt_lib.vcxproj]
C:\Program Files\NVIDIA GPU Computing Toolkit\CUDA\v13.1\include\cuda_runtime_api.h(14276): warning C4819: 该文件包含不能在当前代码页(936)中表示的字符。请将该文件保存为 Unicode 格式以防止数据丢失 [F:\project\pbrt-v4\build\pbrt_lib.vcxproj]
C:\Program Files\NVIDIA GPU Computing Toolkit\CUDA\v13.1\include\cuda_runtime_api.h(13758): warning C4819: 该文件包含不能在当前代码页(936)中表示的字符。请将该文件保存为 Unicode 格式以防止数据丢失 [F:\project\pbrt-v4\build\pbrt_lib.vcxproj]
C:\Program Files\NVIDIA GPU Computing Toolkit\CUDA\v13.1\include\cuda_runtime_api.h(14276): warning C4819: 该文件包含不能在当前代码页(936)中表示的字符。请将该文件保存为 Unicode 格式以防止数据丢失 [F:\project\pbrt-v4\build\pbrt_lib.vcxproj]
C:\Program Files\NVIDIA GPU Computing Toolkit\CUDA\v13.1\include\cuda_runtime_api.h(13758): warning C4819: 该文件包含不能在当前代码页(936)中表示的字符。请将该文件保存为 Unicode 格式以防止数据丢失 [F:\project\pbrt-v4\build\pbrt_lib.vcxproj]
C:\Program Files\NVIDIA GPU Computing Toolkit\CUDA\v13.1\include\cuda_runtime_api.h(14276): warning C4819: 该文件包含不能在当前代码页(936)中表示的字符。请将该文件保存为 Unicode 格式以防止数据丢失 [F:\project\pbrt-v4\build\pbrt_lib.vcxproj]
C:\Program Files\NVIDIA GPU Computing Toolkit\CUDA\v13.1\include\cuda_runtime_api.h(13758): warning C4819: 该文件包含不能在当前代码页(936)中表示的字符。请将该文件保存为 Unicode 格式以防止数据丢失 [F:\project\pbrt-v4\build\pbrt_lib.vcxproj]
C:\Program Files\NVIDIA GPU Computing Toolkit\CUDA\v13.1\include\cuda_runtime_api.h(14276): warning C4819: 该文件包含不能在当前代码页(936)中表示的字符。请将该文件保存为 Unicode 格式以防止数据丢失 [F:\project\pbrt-v4\build\pbrt_lib.vcxproj]
C:\Program Files\NVIDIA GPU Computing Toolkit\CUDA\v13.1\include\cuda_runtime_api.h(13758): warning C4819: 该文件包含不能在当前代码页(936)中表示的字符。请将该文件保存为 Unicode 格式以防止数据丢失 [F:\project\pbrt-v4\build\pbrt_lib.vcxproj]
C:\Program Files\NVIDIA GPU Computing Toolkit\CUDA\v13.1\include\cuda_runtime_api.h(14276): warning C4819: 该文件包含不能在当前代码页(936)中表示的字符。请将该文件保存为 Unicode 格式以防止数据丢失 [F:\project\pbrt-v4\build\pbrt_lib.vcxproj]
C:\Program Files\NVIDIA GPU Computing Toolkit\CUDA\v13.1\include\cuda_runtime_api.h(13758): warning C4819: 该文件包含不能在当前代码页(936)中表示的字符。请将该文件保存为 Unicode 格式以防止数据丢失 [F:\project\pbrt-v4\build\pbrt_lib.vcxproj]
C:\Program Files\NVIDIA GPU Computing Toolkit\CUDA\v13.1\include\cuda_runtime_api.h(14276): warning C4819: 该文件包含不能在当前代码页(936)中表示的字符。请将该文件保存为 Unicode 格式以防止数据丢失 [F:\project\pbrt-v4\build\pbrt_lib.vcxproj]
C:\Program Files\NVIDIA GPU Computing Toolkit\CUDA\v13.1\include\cuda_runtime_api.h(13758): warning C4819: 该文件包含不能在当前代码页(936)中表示的字符。请将该文件保存为 Unicode 格式以防止数据丢失 [F:\project\pbrt-v4\build\pbrt_lib.vcxproj]
C:\Program Files\NVIDIA GPU Computing Toolkit\CUDA\v13.1\include\cuda_runtime_api.h(14276): warning C4819: 该文件包含不能在当前代码页(936)中表示的字符。请将该文件保存为 Unicode 格式以防止数据丢失 [F:\project\pbrt-v4\build\pbrt_lib.vcxproj]
C:\Program Files\NVIDIA GPU Computing Toolkit\CUDA\v13.1\include\cuda_runtime_api.h(13758): warning C4819: 该文件包含不能在当前代码页(936)中表示的字符。请将该文件保存为 Unicode 格式以防止数据丢失 [F:\project\pbrt-v4\build\pbrt_lib.vcxproj]
C:\Program Files\NVIDIA GPU Computing Toolkit\CUDA\v13.1\include\cuda_runtime_api.h(14276): warning C4819: 该文件包含不能在当前代码页(936)中表示的字符。请将该文件保存为 Unicode 格式以防止数据丢失 [F:\project\pbrt-v4\build\pbrt_lib.vcxproj]
C:\Program Files\NVIDIA GPU Computing Toolkit\CUDA\v13.1\include\cuda_runtime_api.h(13758): warning C4819: 该文件包含不能在当前代码页(936)中表示的字符。请将该文件保存为 Unicode 格式以防止数据丢失 [F:\project\pbrt-v4\build\pbrt_lib.vcxproj]
C:\Program Files\NVIDIA GPU Computing Toolkit\CUDA\v13.1\include\cuda_runtime_api.h(14276): warning C4819: 该文件包含不能在当前代码页(936)中表示的字符。请将该文件保存为 Unicode 格式以防止数据丢失 [F:\project\pbrt-v4\build\pbrt_lib.vcxproj]
C:\Program Files\NVIDIA GPU Computing Toolkit\CUDA\v13.1\include\cuda_runtime_api.h(13758): warning C4819: 该文件包含不能在当前代码页(936)中表示的字符。请将该文件保存为 Unicode 格式以防止数据丢失 [F:\project\pbrt-v4\build\pbrt_lib.vcxproj]
C:\Program Files\NVIDIA GPU Computing Toolkit\CUDA\v13.1\include\cuda_runtime_api.h(14276): warning C4819: 该文件包含不能在当前代码页(936)中表示的字符。请将该文件保存为 Unicode 格式以防止数据丢失 [F:\project\pbrt-v4\build\pbrt_lib.vcxproj]
C:\Program Files\NVIDIA GPU Computing Toolkit\CUDA\v13.1\include\cuda_runtime_api.h(13758): warning C4819: 该文件包含不能在当前代码页(936)中表示的字符。请将该文件保存为 Unicode 格式以防止数据丢失 [F:\project\pbrt-v4\build\pbrt_lib.vcxproj]
C:\Program Files\NVIDIA GPU Computing Toolkit\CUDA\v13.1\include\cuda_runtime_api.h(14276): warning C4819: 该文件包含不能在当前代码页(936)中表示的字符。请将该文件保存为 Unicode 格式以防止数据丢失 [F:\project\pbrt-v4\build\pbrt_lib.vcxproj]
C:\Program Files\NVIDIA GPU Computing Toolkit\CUDA\v13.1\include\cuda_runtime_api.h(13758): warning C4819: 该文件包含不能在当前代码页(936)中表示的字符。请将该文件保存为 Unicode 格式以防止数据丢失 [F:\project\pbrt-v4\build\pbrt_lib.vcxproj]
C:\Program Files\NVIDIA GPU Computing Toolkit\CUDA\v13.1\include\cuda_runtime_api.h(14276): warning C4819: 该文件包含不能在当前代码页(936)中表示的字符。请将该文件保存为 Unicode 格式以防止数据丢失 [F:\project\pbrt-v4\build\pbrt_lib.vcxproj]
C:\Program Files\NVIDIA GPU Computing Toolkit\CUDA\v13.1\include\cuda_runtime_api.h(13758): warning C4819: 该文件包含不能在当前代码页(936)中表示的字符。请将该文件保存为 Unicode 格式以防止数据丢失 [F:\project\pbrt-v4\build\pbrt_lib.vcxproj]
C:\Program Files\NVIDIA GPU Computing Toolkit\CUDA\v13.1\include\cuda_runtime_api.h(14276): warning C4819: 该文件包含不能在当前代码页(936)中表示的字符。请将该文件保存为 Unicode 格式以防止数据丢失 [F:\project\pbrt-v4\build\pbrt_lib.vcxproj]
C:\Program Files\NVIDIA GPU Computing Toolkit\CUDA\v13.1\include\cuda_runtime_api.h(13758): warning C4819: 该文件包含不能在当前代码页(936)中表示的字符。请将该文件保存为 Unicode 格式以防止数据丢失 [F:\project\pbrt-v4\build\pbrt_lib.vcxproj]
C:\Program Files\NVIDIA GPU Computing Toolkit\CUDA\v13.1\include\cuda_runtime_api.h(14276): warning C4819: 该文件包含不能在当前代码页(936)中表示的字符。请将该文件保存为 Unicode 格式以防止数据丢失 [F:\project\pbrt-v4\build\pbrt_lib.vcxproj]
C:\Program Files\NVIDIA GPU Computing Toolkit\CUDA\v13.1\include\cuda_runtime_api.h(13758): warning C4819: 该文件包含不能在当前代码页(936)中表示的字符。请将该文件保存为 Unicode 格式以防止数据丢失 [F:\project\pbrt-v4\build\pbrt_lib.vcxproj]
C:\Program Files\NVIDIA GPU Computing Toolkit\CUDA\v13.1\include\cuda_runtime_api.h(14276): warning C4819: 该文件包含不能在当前代码页(936)中表示的字符。请将该文件保存为 Unicode 格式以防止数据丢失 [F:\project\pbrt-v4\build\pbrt_lib.vcxproj]
C:\Program Files\NVIDIA GPU Computing Toolkit\CUDA\v13.1\include\cuda_runtime_api.h(13758): warning C4819: 该文件包含不能在当前代码页(936)中表示的字符。请将该文件保存为 Unicode 格式以防止数据丢失 [F:\project\pbrt-v4\build\pbrt_lib.vcxproj]
C:\Program Files\NVIDIA GPU Computing Toolkit\CUDA\v13.1\include\cuda_runtime_api.h(14276): warning C4819: 该文件包含不能在当前代码页(936)中表示的字符。请将该文件保存为 Unicode 格式以防止数据丢失 [F:\project\pbrt-v4\build\pbrt_lib.vcxproj]
C:\Program Files\NVIDIA GPU Computing Toolkit\CUDA\v13.1\include\cuda_runtime_api.h(13758): warning C4819: 该文件包含不能在当前代码页(936)中表示的字符。请将该文件保存为 Unicode 格式以防止数据丢失 [F:\project\pbrt-v4\build\pbrt_lib.vcxproj]
C:\Program Files\NVIDIA GPU Computing Toolkit\CUDA\v13.1\include\cuda_runtime_api.h(14276): warning C4819: 该文件包含不能在当前代码页(936)中表示的字符。请将该文件保存为 Unicode 格式以防止数据丢失 [F:\project\pbrt-v4\build\pbrt_lib.vcxproj]
C:\Program Files\NVIDIA GPU Computing Toolkit\CUDA\v13.1\include\cuda_runtime_api.h(13758): warning C4819: 该文件包含不能在当前代码页(936)中表示的字符。请将该文件保存为 Unicode 格式以防止数据丢失 [F:\project\pbrt-v4\build\pbrt_lib.vcxproj]
C:\Program Files\NVIDIA GPU Computing Toolkit\CUDA\v13.1\include\cuda_runtime_api.h(14276): warning C4819: 该文件包含不能在当前代码页(936)中表示的字符。请将该文件保存为 Unicode 格式以防止数据丢失 [F:\project\pbrt-v4\build\pbrt_lib.vcxproj]
C:\Program Files\NVIDIA GPU Computing Toolkit\CUDA\v13.1\include\cuda_runtime_api.h(13758): warning C4819: 该文件包含不能在当前代码页(936)中表示的字符。请将该文件保存为 Unicode 格式以防止数据丢失 [F:\project\pbrt-v4\build\pbrt_lib.vcxproj]
C:\Program Files\NVIDIA GPU Computing Toolkit\CUDA\v13.1\include\cuda_runtime_api.h(14276): warning C4819: 该文件包含不能在当前代码页(936)中表示的字符。请将该文件保存为 Unicode 格式以防止数据丢失 [F:\project\pbrt-v4\build\pbrt_lib.vcxproj]
C:\Program Files\NVIDIA GPU Computing Toolkit\CUDA\v13.1\include\cuda_runtime_api.h(13758): warning C4819: 该文件包含不能在当前代码页(936)中表示的字符。请将该文件保存为 Unicode 格式以防止数据丢失 [F:\project\pbrt-v4\build\pbrt_lib.vcxproj]
C:\Program Files\NVIDIA GPU Computing Toolkit\CUDA\v13.1\include\cuda_runtime_api.h(14276): warning C4819: 该文件包含不能在当前代码页(936)中表示的字符。请将该文件保存为 Unicode 格式以防止数据丢失 [F:\project\pbrt-v4\build\pbrt_lib.vcxproj]
C:\Program Files\NVIDIA GPU Computing Toolkit\CUDA\v13.1\include\cuda_runtime_api.h(13758): warning C4819: 该文件包含不能在当前代码页(936)中表示的字符。请将该文件保存为 Unicode 格式以防止数据丢失 [F:\project\pbrt-v4\build\pbrt_lib.vcxproj]
C:\Program Files\NVIDIA GPU Computing Toolkit\CUDA\v13.1\include\cuda_runtime_api.h(14276): warning C4819: 该文件包含不能在当前代码页(936)中表示的字符。请将该文件保存为 Unicode 格式以防止数据丢失 [F:\project\pbrt-v4\build\pbrt_lib.vcxproj]
F:/project/pbrt-v4/src/ext/openvdb/nanovdb\nanovdb/NanoVDB.h(1): warning C4819: 该文件包含不能在当前代码页(936)中表示的字符。请将该文件保存为 Unicode 格式以防止数据丢失 [F:\project\pbrt-v4\build\pbrt_lib.vcxproj]
C:/Program Files/NVIDIA GPU Computing Toolkit/CUDA/v13.1/include\cuda_runtime_api.h(13758): warning C4819: 该文件包含不能在当前代码页(936)中表示的字符。请将该文件保存为 Unicode 格式以防止数据丢失 [F:\project\pbrt-v4\build\pbrt_lib.vcxproj]
C:/Program Files/NVIDIA GPU Computing Toolkit/CUDA/v13.1/include\cuda_runtime_api.h(14276): warning C4819: 该文件包含不能在当前代码页(936)中表示的字符。请将该文件保存为 Unicode 格式以防止数据丢失 [F:\project\pbrt-v4\build\pbrt_lib.vcxproj]
C:/Program Files/NVIDIA GPU Computing Toolkit/CUDA/v13.1/include\cuda.h(23248): warning C4819: 该文件包含不能在当前代码页(936)中表示的字符。请将该文件保存为 Unicode 格式以防止数据丢失 [F:\project\pbrt-v4\build\pbrt_lib.vcxproj]
C:/Program Files/NVIDIA GPU Computing Toolkit/CUDA/v13.1/include\cuda.h(23801): warning C4819: 该文件包含不能在当前代码页(936)中表示的字符。请将该文件保存为 Unicode 格式以防止数据丢失 [F:\project\pbrt-v4\build\pbrt_lib.vcxproj]
C:/Program Files/NVIDIA GPU Computing Toolkit/CUDA/v13.1/include\cuda.h(25466): warning C4819: 该文件包含不能在当前代码页(936)中表示的字符。请将该文件保存为 Unicode 格式以防止数据丢失 [F:\project\pbrt-v4\build\pbrt_lib.vcxproj]
C:/Program Files/NVIDIA GPU Computing Toolkit/CUDA/v13.1/include\cuda_runtime_api.h(13758): warning C4819: 该文件包含不能在当前代码页(936)中表示的字符。请将该文件保存为 Unicode 格式以防止数据丢失 [F:\project\pbrt-v4\build\pbrt_lib.vcxproj]
C:/Program Files/NVIDIA GPU Computing Toolkit/CUDA/v13.1/include\cuda_runtime_api.h(14276): warning C4819: 该文件包含不能在当前代码页(936)中表示的字符。请将该文件保存为 Unicode 格式以防止数据丢失 [F:\project\pbrt-v4\build\pbrt_lib.vcxproj]
  aggregate.cpp
  tmpxft_00001fcc_00000000-7_aggregate.cudafe1.cpp
  optix.cu
  Embedding PTX generated from src/pbrt/gpu/optix/optix.cu
  optix.cu.ptx_embedded.c
  pbrt_embedded_ptx_lib.vcxproj -> F:\project\pbrt-v4\build\Release\pbrt_embedded_ptx_lib.lib
