适用于 .NET Framework MSBuild 版本 17.14.40+3e7442088

  Iex.vcxproj -> F:\project\pbrt-v4\build\src\ext\openexr\src\lib\Iex\Release\Iex-3_3.lib
  glfw.vcxproj -> F:\project\pbrt-v4\build\src\ext\glfw\src\Release\glfw3.lib
  glad.vcxproj -> F:\project\pbrt-v4\build\src\ext\glad\Release\glad.lib
  deflate.vcxproj -> F:\project\pbrt-v4\build\src\ext\libdeflate\Release\deflate.lib
  double-conversion.vcxproj -> F:\project\pbrt-v4\build\src\ext\double-conversion\Release\double-conversion.lib
  zlibstatic.vcxproj -> F:\project\pbrt-v4\build\src\ext\zlib\Release\zlibstatic.lib
  pbrt_taskflow.vcxproj -> F:\project\pbrt-v4\build\Release\pbrt_taskflow.lib
  utf8proc.vcxproj -> F:\project\pbrt-v4\build\src\ext\utf8proc\Release\utf8proc_static.lib
  soac.vcxproj -> F:\project\pbrt-v4\build\Release\soac.exe
  IlmThread.vcxproj -> F:\project\pbrt-v4\build\src\ext\openexr\src\lib\IlmThread\Release\IlmThread-3_3.lib
  Ptex_static.vcxproj -> F:\project\pbrt-v4\build\src\ext\ptex\src\ptex\Release\Ptex.lib
  OpenEXRCore.vcxproj -> F:\project\pbrt-v4\build\src\ext\openexr\src\lib\OpenEXRCore\Release\OpenEXRCore-3_3.lib
  OpenEXR.vcxproj -> F:\project\pbrt-v4\build\src\ext\openexr\src\lib\OpenEXR\Release\OpenEXR-3_3.lib
  rgb2spec_opt.vcxproj -> F:\project\pbrt-v4\build\Release\rgb2spec_opt.exe
  pbrt_embedded_ptx_lib.vcxproj -> F:\project\pbrt-v4\build\Release\pbrt_embedded_ptx_lib.lib
  Compiling CUDA source file ..\src\pbrt\gpu\optix\aggregate.cpp...
  
  F:\project\pbrt-v4\build>"C:\Program Files\NVIDIA GPU Computing Toolkit\CUDA\v13.1\bin\nvcc.exe"  --use-local-env -ccbin "C:\Program Files\Microsoft Visual Studio\2022\Community\VC\Tools\MSVC\14.36.32532\bin\HostX64\x64" -x cu -rdc=true  -I"C:\Program Files\NVIDIA GPU Computing Toolkit\CUDA\v13.1\include" -I"C:\Program Files\NVIDIA GPU Computing Toolkit\CUDA\v13.1\include\cccl" -I"F:\project\pbrt-v4\src" -I"F:\project\pbrt-v4\src\ext" -I"F:\project\pbrt-v4\src\ext\stb" -I"F:\project\pbrt-v4\src\ext\qoi" -I"F:\project\pbrt-v4\src\ext\zlib" -I"F:\project\pbrt-v4\build\src\ext\zlib" -I"F:\project\pbrt-v4\src\ext\libdeflate" -I"F:\project\pbrt-v4\src\ext\filesystem" -I"F:\project\pbrt-v4\src\ext\ptex\src\ptex" -I"F:\project\pbrt-v4\src\ext\double-conversion" -I"F:\project\pbrt-v4\src\ext\openvdb\nanovdb" -I"F:\project\pbrt-v4\build" -I"F:\project\pbrt-v4\src\ext\glfw\include" -I"F:\project\pbrt-v4\src\ext\glad\include" -I"F:\project\pbrt-v4\src\ext\openexr\src\lib\OpenEXR" -I"F:\project\pbrt-v4\build\src\ext\openexr\cmake" -I"F:\project\pbrt-v4\src\ext\openexr\src\lib\Iex" -I"F:\project\pbrt-v4\src\ext\openexr\src\lib\IlmThread" -I"F:\project\pbrt-v4\src\ext\openexr\src\lib\OpenEXRCore" -I"C:\ProgramData\NVIDIA Corporation\OptiX SDK 8.0.0\include" -I"F:\project\pbrt-v4\src\ext\taskflow" -I"F:\project\pbrt-v4\build\_deps\imath-src\src\Imath" -I"F:\project\pbrt-v4\build\_deps\imath-build\config" -I"C:\Program Files\NVIDIA GPU Computing Toolkit\CUDA\v13.1\include"     --keep-dir pbrt_lib\x64\Release -use_fast_math -maxrregcount=128    --machine 64 --compile -cudart static -Xnvlink -suppress-stack-size-warning --gpu-architecture=sm_75 -std=c++17 /EHsc /MP -Xcudafe --diag_suppress=partial_override -Xcudafe --diag_suppress=virtual_function_decl_hidden -Xcudafe --diag_suppress=integer_sign_change -Xcudafe --diag_suppress=declared_but_not_referenced -Xcudafe --diag_suppress=implicit_return_from_non_void_function --forward-slash-prefix-opts --std=c++17 --expt-relaxed-constexpr --extended-lambda --forward-unknown-to-host-compiler -lineinfo -Xcompiler="/EHsc -Ob2 /Zc:preprocessor /wd4244 /wd4267 /wd4305 /wd4552 /wd4838 /wd4843 /wd26451 /wd26495 /wd4334 /wd4146"   -D_WINDOWS -DNDEBUG -DPBRT_IS_MSVC -D_CRT_SECURE_NO_WARNINGS -D_ENABLE_EXTENDED_ALIGNED_STORAGE -DPBRT_IS_WINDOWS -DNOMINMAX -DPBRT_BUILD_GPU_RENDERER -DPBRT_HAS_INTRIN_H -D"PBRT_NOINLINE=__declspec(noinline)" -DPBRT_RESTRICT=__restrict -DPBRT_HAVE__ALIGNED_MALLOC -DPTEX_STATIC -D"CMAKE_INTDIR=\"Release\"" -D_MBCS -DWIN32 -D_WINDOWS -DNDEBUG -DPBRT_IS_MSVC -D_CRT_SECURE_NO_WARNINGS -D_ENABLE_EXTENDED_ALIGNED_STORAGE -DPBRT_IS_WINDOWS -DNOMINMAX -DPBRT_BUILD_GPU_RENDERER -DPBRT_HAS_INTRIN_H -D"PBRT_NOINLINE=__declspec(noinline)" -DPBRT_RESTRICT=__restrict -DPBRT_HAVE__ALIGNED_MALLOC -DPTEX_STATIC -D"CMAKE_INTDIR=\"Release\"" -Xcompiler "/EHsc /W3 /nologo /O2 /FS   /MD /GR" -Xcompiler "/FdF:\project\pbrt-v4\build\Release\libpbrt.pdb" -o pbrt_lib.dir\Release\/src/pbrt/gpu/optix/aggregate.cpp.obj "F:\project\pbrt-v4\src\pbrt\gpu\optix\aggregate.cpp" 
C:\Program Files\NVIDIA GPU Computing Toolkit\CUDA\v13.1\include\cuda_runtime_api.h(13758): warning C4819: 该文件包含不能在当前代码页(936)中表示的字符。请将该文件保存为 Unicode 格式以防止数据丢失 [F:\project\pbrt-v4\build\pbrt_lib.vcxproj]
C:\Program Files\NVIDIA GPU Computing Toolkit\CUDA\v13.1\include\cuda_runtime_api.h(14276): warning C4819: 该文件包含不能在当前代码页(936)中表示的字符。请将该文件保存为 Unicode 格式以防止数据丢失 [F:\project\pbrt-v4\build\pbrt_lib.vcxproj]
C:\Program Files\NVIDIA GPU Computing Toolkit\CUDA\v13.1\include\cuda_runtime_api.h(13758): warning C4819: 该文件包含不能在当前代码页(936)中表示的字符。请将该文件保存为 Unicode 格式以防止数据丢失 [F:\project\pbrt-v4\build\pbrt_lib.vcxproj]
C:\Program Files\NVIDIA GPU Computing Toolkit\CUDA\v13.1\include\cuda_runtime_api.h(14276): warning C4819: 该文件包含不能在当前代码页(936)中表示的字符。请将该文件保存为 Unicode 格式以防止数据丢失 [F:\project\pbrt-v4\build\pbrt_lib.vcxproj]
C:\Program Files\NVIDIA GPU Computing Toolkit\CUDA\v13.1\include\cuda_runtime_api.h(13758): warning C4819: 该文件包含不能在当前代码页(936)中表示的字符。请将该文件保存为 Unicode 格式以防止数据丢失 [F:\project\pbrt-v4\build\pbrt_lib.vcxproj]
C:\Program Files\NVIDIA GPU Computing Toolkit\CUDA\v13.1\include\cuda_runtime_api.h(14276): warning C4819: 该文件包含不能在当前代码页(936)中表示的字符。请将该文件保存为 Unicode 格式以防止数据丢失 [F:\project\pbrt-v4\build\pbrt_lib.vcxproj]
C:\Program Files\NVIDIA GPU Computing Toolkit\CUDA\v13.1\include\cuda_runtime_api.h(13758): warning C4819: 该文件包含不能在当前代码页(936)中表示的字符。请将该文件保存为 Unicode 格式以防止数据丢失 [F:\project\pbrt-v4\build\pbrt_lib.vcxproj]
C:\Program Files\NVIDIA GPU Computing Toolkit\CUDA\v13.1\include\cuda_runtime_api.h(14276): warning C4819: 该文件包含不能在当前代码页(936)中表示的字符。请将该文件保存为 Unicode 格式以防止数据丢失 [F:\project\pbrt-v4\build\pbrt_lib.vcxproj]
C:\Program Files\NVIDIA GPU Computing Toolkit\CUDA\v13.1\include\cuda_runtime_api.h(13758): warning C4819: 该文件包含不能在当前代码页(936)中表示的字符。请将该文件保存为 Unicode 格式以防止数据丢失 [F:\project\pbrt-v4\build\pbrt_lib.vcxproj]
C:\Program Files\NVIDIA GPU Computing Toolkit\CUDA\v13.1\include\cuda_runtime_api.h(14276): warning C4819: 该文件包含不能在当前代码页(936)中表示的字符。请将该文件保存为 Unicode 格式以防止数据丢失 [F:\project\pbrt-v4\build\pbrt_lib.vcxproj]
C:\Program Files\NVIDIA GPU Computing Toolkit\CUDA\v13.1\include\cuda_runtime_api.h(13758): warning C4819: 该文件包含不能在当前代码页(936)中表示的字符。请将该文件保存为 Unicode 格式以防止数据丢失 [F:\project\pbrt-v4\build\pbrt_lib.vcxproj]
C:\Program Files\NVIDIA GPU Computing Toolkit\CUDA\v13.1\include\cuda_runtime_api.h(14276): warning C4819: 该文件包含不能在当前代码页(936)中表示的字符。请将该文件保存为 Unicode 格式以防止数据丢失 [F:\project\pbrt-v4\build\pbrt_lib.vcxproj]
C:\Program Files\NVIDIA GPU Computing Toolkit\CUDA\v13.1\include\cuda_runtime_api.h(13758): warning C4819: 该文件包含不能在当前代码页(936)中表示的字符。请将该文件保存为 Unicode 格式以防止数据丢失 [F:\project\pbrt-v4\build\pbrt_lib.vcxproj]
C:\Program Files\NVIDIA GPU Computing Toolkit\CUDA\v13.1\include\cuda_runtime_api.h(14276): warning C4819: 该文件包含不能在当前代码页(936)中表示的字符。请将该文件保存为 Unicode 格式以防止数据丢失 [F:\project\pbrt-v4\build\pbrt_lib.vcxproj]
C:\Program Files\NVIDIA GPU Computing Toolkit\CUDA\v13.1\include\cuda_runtime_api.h(13758): warning C4819: 该文件包含不能在当前代码页(936)中表示的字符。请将该文件保存为 Unicode 格式以防止数据丢失 [F:\project\pbrt-v4\build\pbrt_lib.vcxproj]
C:\Program Files\NVIDIA GPU Computing Toolkit\CUDA\v13.1\include\cuda_runtime_api.h(14276): warning C4819: 该文件包含不能在当前代码页(936)中表示的字符。请将该文件保存为 Unicode 格式以防止数据丢失 [F:\project\pbrt-v4\build\pbrt_lib.vcxproj]
C:\Program Files\NVIDIA GPU Computing Toolkit\CUDA\v13.1\include\cuda_runtime_api.h(13758): warning C4819: 该文件包含不能在当前代码页(936)中表示的字符。请将该文件保存为 Unicode 格式以防止数据丢失 [F:\project\pbrt-v4\build\pbrt_lib.vcxproj]
C:\Program Files\NVIDIA GPU Computing Toolkit\CUDA\v13.1\include\cuda_runtime_api.h(14276): warning C4819: 该文件包含不能在当前代码页(936)中表示的字符。请将该文件保存为 Unicode 格式以防止数据丢失 [F:\project\pbrt-v4\build\pbrt_lib.vcxproj]
C:\Program Files\NVIDIA GPU Computing Toolkit\CUDA\v13.1\include\cuda_runtime_api.h(13758): warning C4819: 该文件包含不能在当前代码页(936)中表示的字符。请将该文件保存为 Unicode 格式以防止数据丢失 [F:\project\pbrt-v4\build\pbrt_lib.vcxproj]
C:\Program Files\NVIDIA GPU Computing Toolkit\CUDA\v13.1\include\cuda_runtime_api.h(14276): warning C4819: 该文件包含不能在当前代码页(936)中表示的字符。请将该文件保存为 Unicode 格式以防止数据丢失 [F:\project\pbrt-v4\build\pbrt_lib.vcxproj]
C:\Program Files\NVIDIA GPU Computing Toolkit\CUDA\v13.1\include\cuda_runtime_api.h(13758): warning C4819: 该文件包含不能在当前代码页(936)中表示的字符。请将该文件保存为 Unicode 格式以防止数据丢失 [F:\project\pbrt-v4\build\pbrt_lib.vcxproj]
C:\Program Files\NVIDIA GPU Computing Toolkit\CUDA\v13.1\include\cuda_runtime_api.h(14276): warning C4819: 该文件包含不能在当前代码页(936)中表示的字符。请将该文件保存为 Unicode 格式以防止数据丢失 [F:\project\pbrt-v4\build\pbrt_lib.vcxproj]
C:\Program Files\NVIDIA GPU Computing Toolkit\CUDA\v13.1\include\cuda_runtime_api.h(13758): warning C4819: 该文件包含不能在当前代码页(936)中表示的字符。请将该文件保存为 Unicode 格式以防止数据丢失 [F:\project\pbrt-v4\build\pbrt_lib.vcxproj]
C:\Program Files\NVIDIA GPU Computing Toolkit\CUDA\v13.1\include\cuda_runtime_api.h(14276): warning C4819: 该文件包含不能在当前代码页(936)中表示的字符。请将该文件保存为 Unicode 格式以防止数据丢失 [F:\project\pbrt-v4\build\pbrt_lib.vcxproj]
C:\Program Files\NVIDIA GPU Computing Toolkit\CUDA\v13.1\include\cuda_runtime_api.h(13758): warning C4819: 该文件包含不能在当前代码页(936)中表示的字符。请将该文件保存为 Unicode 格式以防止数据丢失 [F:\project\pbrt-v4\build\pbrt_lib.vcxproj]
C:\Program Files\NVIDIA GPU Computing Toolkit\CUDA\v13.1\include\cuda_runtime_api.h(14276): warning C4819: 该文件包含不能在当前代码页(936)中表示的字符。请将该文件保存为 Unicode 格式以防止数据丢失 [F:\project\pbrt-v4\build\pbrt_lib.vcxproj]
C:\Program Files\NVIDIA GPU Computing Toolkit\CUDA\v13.1\include\cuda_runtime_api.h(13758): warning C4819: 该文件包含不能在当前代码页(936)中表示的字符。请将该文件保存为 Unicode 格式以防止数据丢失 [F:\project\pbrt-v4\build\pbrt_lib.vcxproj]
C:\Program Files\NVIDIA GPU Computing Toolkit\CUDA\v13.1\include\cuda_runtime_api.h(14276): warning C4819: 该文件包含不能在当前代码页(936)中表示的字符。请将该文件保存为 Unicode 格式以防止数据丢失 [F:\project\pbrt-v4\build\pbrt_lib.vcxproj]
C:\Program Files\NVIDIA GPU Computing Toolkit\CUDA\v13.1\include\cuda_runtime_api.h(13758): warning C4819: 该文件包含不能在当前代码页(936)中表示的字符。请将该文件保存为 Unicode 格式以防止数据丢失 [F:\project\pbrt-v4\build\pbrt_lib.vcxproj]
C:\Program Files\NVIDIA GPU Computing Toolkit\CUDA\v13.1\include\cuda_runtime_api.h(14276): warning C4819: 该文件包含不能在当前代码页(936)中表示的字符。请将该文件保存为 Unicode 格式以防止数据丢失 [F:\project\pbrt-v4\build\pbrt_lib.vcxproj]
F:/project/pbrt-v4/src/ext/openvdb/nanovdb\nanovdb/NanoVDB.h(1): warning C4819: 该文件包含不能在当前代码页(936)中表示的字符。请将该文件保存为 Unicode 格式以防止数据丢失 [F:\project\pbrt-v4\build\pbrt_lib.vcxproj]
C:/Program Files/NVIDIA GPU Computing Toolkit/CUDA/v13.1/include\cuda_runtime_api.h(13758): warning C4819: 该文件包含不能在当前代码页(936)中表示的字符。请将该文件保存为 Unicode 格式以防止数据丢失 [F:\project\pbrt-v4\build\pbrt_lib.vcxproj]
C:/Program Files/NVIDIA GPU Computing Toolkit/CUDA/v13.1/include\cuda_runtime_api.h(14276): warning C4819: 该文件包含不能在当前代码页(936)中表示的字符。请将该文件保存为 Unicode 格式以防止数据丢失 [F:\project\pbrt-v4\build\pbrt_lib.vcxproj]
C:/Program Files/NVIDIA GPU Computing Toolkit/CUDA/v13.1/include\cuda.h(23248): warning C4819: 该文件包含不能在当前代码页(936)中表示的字符。请将该文件保存为 Unicode 格式以防止数据丢失 [F:\project\pbrt-v4\build\pbrt_lib.vcxproj]
C:/Program Files/NVIDIA GPU Computing Toolkit/CUDA/v13.1/include\cuda.h(23801): warning C4819: 该文件包含不能在当前代码页(936)中表示的字符。请将该文件保存为 Unicode 格式以防止数据丢失 [F:\project\pbrt-v4\build\pbrt_lib.vcxproj]
C:/Program Files/NVIDIA GPU Computing Toolkit/CUDA/v13.1/include\cuda.h(25466): warning C4819: 该文件包含不能在当前代码页(936)中表示的字符。请将该文件保存为 Unicode 格式以防止数据丢失 [F:\project\pbrt-v4\build\pbrt_lib.vcxproj]
C:/Program Files/NVIDIA GPU Computing Toolkit/CUDA/v13.1/include\cuda_runtime_api.h(13758): warning C4819: 该文件包含不能在当前代码页(936)中表示的字符。请将该文件保存为 Unicode 格式以防止数据丢失 [F:\project\pbrt-v4\build\pbrt_lib.vcxproj]
C:/Program Files/NVIDIA GPU Computing Toolkit/CUDA/v13.1/include\cuda_runtime_api.h(14276): warning C4819: 该文件包含不能在当前代码页(936)中表示的字符。请将该文件保存为 Unicode 格式以防止数据丢失 [F:\project\pbrt-v4\build\pbrt_lib.vcxproj]
C:\Program Files\NVIDIA GPU Computing Toolkit\CUDA\v13.1\include\cuda_runtime_api.h(13758): warning C4819: 该文件包含不能在当前代码页(936)中表示的字符。请将该文件保存为 Unicode 格式以防止数据丢失 [F:\project\pbrt-v4\build\pbrt_lib.vcxproj]
C:\Program Files\NVIDIA GPU Computing Toolkit\CUDA\v13.1\include\cuda_runtime_api.h(14276): warning C4819: 该文件包含不能在当前代码页(936)中表示的字符。请将该文件保存为 Unicode 格式以防止数据丢失 [F:\project\pbrt-v4\build\pbrt_lib.vcxproj]
C:\Program Files\NVIDIA GPU Computing Toolkit\CUDA\v13.1\include\cuda_runtime_api.h(13758): warning C4819: 该文件包含不能在当前代码页(936)中表示的字符。请将该文件保存为 Unicode 格式以防止数据丢失 [F:\project\pbrt-v4\build\pbrt_lib.vcxproj]
C:\Program Files\NVIDIA GPU Computing Toolkit\CUDA\v13.1\include\cuda_runtime_api.h(14276): warning C4819: 该文件包含不能在当前代码页(936)中表示的字符。请将该文件保存为 Unicode 格式以防止数据丢失 [F:\project\pbrt-v4\build\pbrt_lib.vcxproj]
C:\Program Files\NVIDIA GPU Computing Toolkit\CUDA\v13.1\include\cuda_runtime_api.h(13758): warning C4819: 该文件包含不能在当前代码页(936)中表示的字符。请将该文件保存为 Unicode 格式以防止数据丢失 [F:\project\pbrt-v4\build\pbrt_lib.vcxproj]
C:\Program Files\NVIDIA GPU Computing Toolkit\CUDA\v13.1\include\cuda_runtime_api.h(14276): warning C4819: 该文件包含不能在当前代码页(936)中表示的字符。请将该文件保存为 Unicode 格式以防止数据丢失 [F:\project\pbrt-v4\build\pbrt_lib.vcxproj]
C:\Program Files\NVIDIA GPU Computing Toolkit\CUDA\v13.1\include\cuda_runtime_api.h(13758): warning C4819: 该文件包含不能在当前代码页(936)中表示的字符。请将该文件保存为 Unicode 格式以防止数据丢失 [F:\project\pbrt-v4\build\pbrt_lib.vcxproj]
C:\Program Files\NVIDIA GPU Computing Toolkit\CUDA\v13.1\include\cuda_runtime_api.h(14276): warning C4819: 该文件包含不能在当前代码页(936)中表示的字符。请将该文件保存为 Unicode 格式以防止数据丢失 [F:\project\pbrt-v4\build\pbrt_lib.vcxproj]
C:\Program Files\NVIDIA GPU Computing Toolkit\CUDA\v13.1\include\cuda_runtime_api.h(13758): warning C4819: 该文件包含不能在当前代码页(936)中表示的字符。请将该文件保存为 Unicode 格式以防止数据丢失 [F:\project\pbrt-v4\build\pbrt_lib.vcxproj]
C:\Program Files\NVIDIA GPU Computing Toolkit\CUDA\v13.1\include\cuda_runtime_api.h(14276): warning C4819: 该文件包含不能在当前代码页(936)中表示的字符。请将该文件保存为 Unicode 格式以防止数据丢失 [F:\project\pbrt-v4\build\pbrt_lib.vcxproj]
C:\Program Files\NVIDIA GPU Computing Toolkit\CUDA\v13.1\include\cuda_runtime_api.h(13758): warning C4819: 该文件包含不能在当前代码页(936)中表示的字符。请将该文件保存为 Unicode 格式以防止数据丢失 [F:\project\pbrt-v4\build\pbrt_lib.vcxproj]
C:\Program Files\NVIDIA GPU Computing Toolkit\CUDA\v13.1\include\cuda_runtime_api.h(14276): warning C4819: 该文件包含不能在当前代码页(936)中表示的字符。请将该文件保存为 Unicode 格式以防止数据丢失 [F:\project\pbrt-v4\build\pbrt_lib.vcxproj]
C:\Program Files\NVIDIA GPU Computing Toolkit\CUDA\v13.1\include\cuda_runtime_api.h(13758): warning C4819: 该文件包含不能在当前代码页(936)中表示的字符。请将该文件保存为 Unicode 格式以防止数据丢失 [F:\project\pbrt-v4\build\pbrt_lib.vcxproj]
C:\Program Files\NVIDIA GPU Computing Toolkit\CUDA\v13.1\include\cuda_runtime_api.h(14276): warning C4819: 该文件包含不能在当前代码页(936)中表示的字符。请将该文件保存为 Unicode 格式以防止数据丢失 [F:\project\pbrt-v4\build\pbrt_lib.vcxproj]
C:\Program Files\NVIDIA GPU Computing Toolkit\CUDA\v13.1\include\cuda_runtime_api.h(13758): warning C4819: 该文件包含不能在当前代码页(936)中表示的字符。请将该文件保存为 Unicode 格式以防止数据丢失 [F:\project\pbrt-v4\build\pbrt_lib.vcxproj]
C:\Program Files\NVIDIA GPU Computing Toolkit\CUDA\v13.1\include\cuda_runtime_api.h(14276): warning C4819: 该文件包含不能在当前代码页(936)中表示的字符。请将该文件保存为 Unicode 格式以防止数据丢失 [F:\project\pbrt-v4\build\pbrt_lib.vcxproj]
C:\Program Files\NVIDIA GPU Computing Toolkit\CUDA\v13.1\include\cuda_runtime_api.h(13758): warning C4819: 该文件包含不能在当前代码页(936)中表示的字符。请将该文件保存为 Unicode 格式以防止数据丢失 [F:\project\pbrt-v4\build\pbrt_lib.vcxproj]
C:\Program Files\NVIDIA GPU Computing Toolkit\CUDA\v13.1\include\cuda_runtime_api.h(14276): warning C4819: 该文件包含不能在当前代码页(936)中表示的字符。请将该文件保存为 Unicode 格式以防止数据丢失 [F:\project\pbrt-v4\build\pbrt_lib.vcxproj]
C:\Program Files\NVIDIA GPU Computing Toolkit\CUDA\v13.1\include\cuda_runtime_api.h(13758): warning C4819: 该文件包含不能在当前代码页(936)中表示的字符。请将该文件保存为 Unicode 格式以防止数据丢失 [F:\project\pbrt-v4\build\pbrt_lib.vcxproj]
C:\Program Files\NVIDIA GPU Computing Toolkit\CUDA\v13.1\include\cuda_runtime_api.h(14276): warning C4819: 该文件包含不能在当前代码页(936)中表示的字符。请将该文件保存为 Unicode 格式以防止数据丢失 [F:\project\pbrt-v4\build\pbrt_lib.vcxproj]
C:\Program Files\NVIDIA GPU Computing Toolkit\CUDA\v13.1\include\cuda_runtime_api.h(13758): warning C4819: 该文件包含不能在当前代码页(936)中表示的字符。请将该文件保存为 Unicode 格式以防止数据丢失 [F:\project\pbrt-v4\build\pbrt_lib.vcxproj]
C:\Program Files\NVIDIA GPU Computing Toolkit\CUDA\v13.1\include\cuda_runtime_api.h(14276): warning C4819: 该文件包含不能在当前代码页(936)中表示的字符。请将该文件保存为 Unicode 格式以防止数据丢失 [F:\project\pbrt-v4\build\pbrt_lib.vcxproj]
C:\Program Files\NVIDIA GPU Computing Toolkit\CUDA\v13.1\include\cuda_runtime_api.h(13758): warning C4819: 该文件包含不能在当前代码页(936)中表示的字符。请将该文件保存为 Unicode 格式以防止数据丢失 [F:\project\pbrt-v4\build\pbrt_lib.vcxproj]
C:\Program Files\NVIDIA GPU Computing Toolkit\CUDA\v13.1\include\cuda_runtime_api.h(14276): warning C4819: 该文件包含不能在当前代码页(936)中表示的字符。请将该文件保存为 Unicode 格式以防止数据丢失 [F:\project\pbrt-v4\build\pbrt_lib.vcxproj]
C:\Program Files\NVIDIA GPU Computing Toolkit\CUDA\v13.1\include\cuda_runtime_api.h(13758): warning C4819: 该文件包含不能在当前代码页(936)中表示的字符。请将该文件保存为 Unicode 格式以防止数据丢失 [F:\project\pbrt-v4\build\pbrt_lib.vcxproj]
C:\Program Files\NVIDIA GPU Computing Toolkit\CUDA\v13.1\include\cuda_runtime_api.h(14276): warning C4819: 该文件包含不能在当前代码页(936)中表示的字符。请将该文件保存为 Unicode 格式以防止数据丢失 [F:\project\pbrt-v4\build\pbrt_lib.vcxproj]
C:\Program Files\NVIDIA GPU Computing Toolkit\CUDA\v13.1\include\cuda_runtime_api.h(13758): warning C4819: 该文件包含不能在当前代码页(936)中表示的字符。请将该文件保存为 Unicode 格式以防止数据丢失 [F:\project\pbrt-v4\build\pbrt_lib.vcxproj]
C:\Program Files\NVIDIA GPU Computing Toolkit\CUDA\v13.1\include\cuda_runtime_api.h(14276): warning C4819: 该文件包含不能在当前代码页(936)中表示的字符。请将该文件保存为 Unicode 格式以防止数据丢失 [F:\project\pbrt-v4\build\pbrt_lib.vcxproj]
C:\Program Files\NVIDIA GPU Computing Toolkit\CUDA\v13.1\include\cuda_runtime_api.h(13758): warning C4819: 该文件包含不能在当前代码页(936)中表示的字符。请将该文件保存为 Unicode 格式以防止数据丢失 [F:\project\pbrt-v4\build\pbrt_lib.vcxproj]
C:\Program Files\NVIDIA GPU Computing Toolkit\CUDA\v13.1\include\cuda_runtime_api.h(14276): warning C4819: 该文件包含不能在当前代码页(936)中表示的字符。请将该文件保存为 Unicode 格式以防止数据丢失 [F:\project\pbrt-v4\build\pbrt_lib.vcxproj]
C:\Program Files\NVIDIA GPU Computing Toolkit\CUDA\v13.1\include\cuda_runtime_api.h(13758): warning C4819: 该文件包含不能在当前代码页(936)中表示的字符。请将该文件保存为 Unicode 格式以防止数据丢失 [F:\project\pbrt-v4\build\pbrt_lib.vcxproj]
C:\Program Files\NVIDIA GPU Computing Toolkit\CUDA\v13.1\include\cuda_runtime_api.h(14276): warning C4819: 该文件包含不能在当前代码页(936)中表示的字符。请将该文件保存为 Unicode 格式以防止数据丢失 [F:\project\pbrt-v4\build\pbrt_lib.vcxproj]
C:\Program Files\NVIDIA GPU Computing Toolkit\CUDA\v13.1\include\cuda_runtime_api.h(13758): warning C4819: 该文件包含不能在当前代码页(936)中表示的字符。请将该文件保存为 Unicode 格式以防止数据丢失 [F:\project\pbrt-v4\build\pbrt_lib.vcxproj]
C:\Program Files\NVIDIA GPU Computing Toolkit\CUDA\v13.1\include\cuda_runtime_api.h(14276): warning C4819: 该文件包含不能在当前代码页(936)中表示的字符。请将该文件保存为 Unicode 格式以防止数据丢失 [F:\project\pbrt-v4\build\pbrt_lib.vcxproj]
C:\Program Files\NVIDIA GPU Computing Toolkit\CUDA\v13.1\include\cuda_runtime_api.h(13758): warning C4819: 该文件包含不能在当前代码页(936)中表示的字符。请将该文件保存为 Unicode 格式以防止数据丢失 [F:\project\pbrt-v4\build\pbrt_lib.vcxproj]
C:\Program Files\NVIDIA GPU Computing Toolkit\CUDA\v13.1\include\cuda_runtime_api.h(14276): warning C4819: 该文件包含不能在当前代码页(936)中表示的字符。请将该文件保存为 Unicode 格式以防止数据丢失 [F:\project\pbrt-v4\build\pbrt_lib.vcxproj]
C:\Program Files\NVIDIA GPU Computing Toolkit\CUDA\v13.1\include\cuda_runtime_api.h(13758): warning C4819: 该文件包含不能在当前代码页(936)中表示的字符。请将该文件保存为 Unicode 格式以防止数据丢失 [F:\project\pbrt-v4\build\pbrt_lib.vcxproj]
C:\Program Files\NVIDIA GPU Computing Toolkit\CUDA\v13.1\include\cuda_runtime_api.h(14276): warning C4819: 该文件包含不能在当前代码页(936)中表示的字符。请将该文件保存为 Unicode 格式以防止数据丢失 [F:\project\pbrt-v4\build\pbrt_lib.vcxproj]
C:\Program Files\NVIDIA GPU Computing Toolkit\CUDA\v13.1\include\cuda_runtime_api.h(13758): warning C4819: 该文件包含不能在当前代码页(936)中表示的字符。请将该文件保存为 Unicode 格式以防止数据丢失 [F:\project\pbrt-v4\build\pbrt_lib.vcxproj]
C:\Program Files\NVIDIA GPU Computing Toolkit\CUDA\v13.1\include\cuda_runtime_api.h(14276): warning C4819: 该文件包含不能在当前代码页(936)中表示的字符。请将该文件保存为 Unicode 格式以防止数据丢失 [F:\project\pbrt-v4\build\pbrt_lib.vcxproj]
C:\Program Files\NVIDIA GPU Computing Toolkit\CUDA\v13.1\include\cuda_runtime_api.h(13758): warning C4819: 该文件包含不能在当前代码页(936)中表示的字符。请将该文件保存为 Unicode 格式以防止数据丢失 [F:\project\pbrt-v4\build\pbrt_lib.vcxproj]
C:\Program Files\NVIDIA GPU Computing Toolkit\CUDA\v13.1\include\cuda_runtime_api.h(14276): warning C4819: 该文件包含不能在当前代码页(936)中表示的字符。请将该文件保存为 Unicode 格式以防止数据丢失 [F:\project\pbrt-v4\build\pbrt_lib.vcxproj]
C:\Program Files\NVIDIA GPU Computing Toolkit\CUDA\v13.1\include\cuda_runtime_api.h(13758): warning C4819: 该文件包含不能在当前代码页(936)中表示的字符。请将该文件保存为 Unicode 格式以防止数据丢失 [F:\project\pbrt-v4\build\pbrt_lib.vcxproj]
C:\Program Files\NVIDIA GPU Computing Toolkit\CUDA\v13.1\include\cuda_runtime_api.h(14276): warning C4819: 该文件包含不能在当前代码页(936)中表示的字符。请将该文件保存为 Unicode 格式以防止数据丢失 [F:\project\pbrt-v4\build\pbrt_lib.vcxproj]
C:\Program Files\NVIDIA GPU Computing Toolkit\CUDA\v13.1\include\cuda_runtime_api.h(13758): warning C4819: 该文件包含不能在当前代码页(936)中表示的字符。请将该文件保存为 Unicode 格式以防止数据丢失 [F:\project\pbrt-v4\build\pbrt_lib.vcxproj]
C:\Program Files\NVIDIA GPU Computing Toolkit\CUDA\v13.1\include\cuda_runtime_api.h(14276): warning C4819: 该文件包含不能在当前代码页(936)中表示的字符。请将该文件保存为 Unicode 格式以防止数据丢失 [F:\project\pbrt-v4\build\pbrt_lib.vcxproj]
C:\Program Files\NVIDIA GPU Computing Toolkit\CUDA\v13.1\include\cuda_runtime_api.h(13758): warning C4819: 该文件包含不能在当前代码页(936)中表示的字符。请将该文件保存为 Unicode 格式以防止数据丢失 [F:\project\pbrt-v4\build\pbrt_lib.vcxproj]
C:\Program Files\NVIDIA GPU Computing Toolkit\CUDA\v13.1\include\cuda_runtime_api.h(14276): warning C4819: 该文件包含不能在当前代码页(936)中表示的字符。请将该文件保存为 Unicode 格式以防止数据丢失 [F:\project\pbrt-v4\build\pbrt_lib.vcxproj]
F:/project/pbrt-v4/src/ext/openvdb/nanovdb\nanovdb/NanoVDB.h(1): warning C4819: 该文件包含不能在当前代码页(936)中表示的字符。请将该文件保存为 Unicode 格式以防止数据丢失 [F:\project\pbrt-v4\build\pbrt_lib.vcxproj]
C:/Program Files/NVIDIA GPU Computing Toolkit/CUDA/v13.1/include\cuda_runtime_api.h(13758): warning C4819: 该文件包含不能在当前代码页(936)中表示的字符。请将该文件保存为 Unicode 格式以防止数据丢失 [F:\project\pbrt-v4\build\pbrt_lib.vcxproj]
C:/Program Files/NVIDIA GPU Computing Toolkit/CUDA/v13.1/include\cuda_runtime_api.h(14276): warning C4819: 该文件包含不能在当前代码页(936)中表示的字符。请将该文件保存为 Unicode 格式以防止数据丢失 [F:\project\pbrt-v4\build\pbrt_lib.vcxproj]
C:/Program Files/NVIDIA GPU Computing Toolkit/CUDA/v13.1/include\cuda.h(23248): warning C4819: 该文件包含不能在当前代码页(936)中表示的字符。请将该文件保存为 Unicode 格式以防止数据丢失 [F:\project\pbrt-v4\build\pbrt_lib.vcxproj]
C:/Program Files/NVIDIA GPU Computing Toolkit/CUDA/v13.1/include\cuda.h(23801): warning C4819: 该文件包含不能在当前代码页(936)中表示的字符。请将该文件保存为 Unicode 格式以防止数据丢失 [F:\project\pbrt-v4\build\pbrt_lib.vcxproj]
C:/Program Files/NVIDIA GPU Computing Toolkit/CUDA/v13.1/include\cuda.h(25466): warning C4819: 该文件包含不能在当前代码页(936)中表示的字符。请将该文件保存为 Unicode 格式以防止数据丢失 [F:\project\pbrt-v4\build\pbrt_lib.vcxproj]
C:/Program Files/NVIDIA GPU Computing Toolkit/CUDA/v13.1/include\cuda_runtime_api.h(13758): warning C4819: 该文件包含不能在当前代码页(936)中表示的字符。请将该文件保存为 Unicode 格式以防止数据丢失 [F:\project\pbrt-v4\build\pbrt_lib.vcxproj]
C:/Program Files/NVIDIA GPU Computing Toolkit/CUDA/v13.1/include\cuda_runtime_api.h(14276): warning C4819: 该文件包含不能在当前代码页(936)中表示的字符。请将该文件保存为 Unicode 格式以防止数据丢失 [F:\project\pbrt-v4\build\pbrt_lib.vcxproj]
  aggregate.cpp
  tmpxft_00000b30_00000000-7_aggregate.cudafe1.cpp
  
  F:\project\pbrt-v4\build>"C:\Program Files\NVIDIA GPU Computing Toolkit\CUDA\v13.1\bin\nvcc.exe" -dlink  -o pbrt_lib.dir\Release\libpbrt.device-link.obj -Xcompiler "/EHsc /W3 /nologo /O2   /MD /GR" -Xcompiler "/FdF:\project\pbrt-v4\build\Release\libpbrt.pdb" -L"C:\Program Files\NVIDIA GPU Computing Toolkit\CUDA\v13.1\bin\x64/crt" -L"C:\Program Files\NVIDIA GPU Computing Toolkit\CUDA\v13.1\lib\x64" -L"C:\Program Files\NVIDIA GPU Computing Toolkit\CUDA\v13.1\lib\x64" "src\ext\openexr\src\lib\OpenEXR\Release\OpenEXR-3_3.lib" Release\pbrt_taskflow.lib "src\ext\openexr\src\lib\IlmThread\Release\IlmThread-3_3.lib" "src\ext\openexr\src\lib\Iex\Release\Iex-3_3.lib" "src\ext\openexr\src\lib\OpenEXRCore\Release\OpenEXRCore-3_3.lib" "_deps\imath-build\src\Imath\Release\Imath-3_1.lib" src\ext\libdeflate\Release\deflate.lib cudadevrt.lib cudart_static.lib kernel32.lib user32.lib gdi32.lib winspool.lib comdlg32.lib advapi32.lib shell32.lib ole32.lib oleaut32.lib uuid.lib odbc32.lib odbccp32.lib cudart.lib -forward-unknown-to-host-compiler -Wno-deprecated-gpu-targets -D_WINDOWS -Xcompiler="/W3 /GR /EHsc" -Xnvlink -suppress-stack-size-warning --gpu-architecture=sm_75 -Xcompiler="-MD -O2 -Ob2" -DNDEBUG    pbrt_lib.dir\Release\bsdf.obj pbrt_lib.dir\Release\bssrdf.obj pbrt_lib.dir\Release\bxdfs.obj pbrt_lib.dir\Release\cameras.obj pbrt_lib.dir\Release\/src/pbrt/film.cpp.obj pbrt_lib.dir\Release\filters.obj pbrt_lib.dir\Release\interaction.obj pbrt_lib.dir\Release\lights.obj pbrt_lib.dir\Release\lightsamplers.obj pbrt_lib.dir\Release\materials.obj pbrt_lib.dir\Release\options.obj pbrt_lib.dir\Release\pbrt.obj pbrt_lib.dir\Release\samplers.obj pbrt_lib.dir\Release\shapes.obj pbrt_lib.dir\Release\textures.obj pbrt_lib.dir\Release\pspec_gpu.obj pbrt_lib.dir\Release\bluenoise.obj pbrt_lib.dir\Release\check.obj pbrt_lib.dir\Release\color.obj pbrt_lib.dir\Release\colorspace.obj pbrt_lib.dir\Release\error.obj pbrt_lib.dir\Release\log.obj pbrt_lib.dir\Release\lowdiscrepancy.obj pbrt_lib.dir\Release\math.obj pbrt_lib.dir\Release\mesh.obj pbrt_lib.dir\Release\noise.obj pbrt_lib.dir\Release\pmj02tables.obj pbrt_lib.dir\Release\primes.obj pbrt_lib.dir\Release\pstd.obj pbrt_lib.dir\Release\rng.obj pbrt_lib.dir\Release\sampling.obj pbrt_lib.dir\Release\scattering.obj pbrt_lib.dir\Release\sobolmatrices.obj pbrt_lib.dir\Release\spectrum.obj pbrt_lib.dir\Release\stats.obj pbrt_lib.dir\Release\transform.obj pbrt_lib.dir\Release\vecmath.obj pbrt_lib.dir\Release\/src/pbrt/wavefront/aggregate.cpp.obj pbrt_lib.dir\Release\camera.obj pbrt_lib.dir\Release\/src/pbrt/wavefront/film.cpp.obj pbrt_lib.dir\Release\integrator.obj pbrt_lib.dir\Release\/src/pbrt/wavefront/media.cpp.obj pbrt_lib.dir\Release\samples.obj pbrt_lib.dir\Release\surfscatter.obj pbrt_lib.dir\Release\subsurface.obj pbrt_lib.dir\Release\wavefront.obj pbrt_lib.dir\Release\/src/pbrt/gpu/optix/aggregate.cpp.obj pbrt_lib.dir\Release\denoiser.obj pbrt_lib.dir\Release\scaler.obj pbrt_lib.dir\Release\/src/pbrt/gpu/memory.cpp.obj pbrt_lib.dir\Release\util.obj 
  OpenEXR-3_3.lib
  pbrt_taskflow.lib
  IlmThread-3_3.lib
  Iex-3_3.lib
  OpenEXRCore-3_3.lib
  Imath-3_1.lib
  deflate.lib
  cudadevrt.lib
  cudart_static.lib
  kernel32.lib
  user32.lib
  gdi32.lib
  winspool.lib
  comdlg32.lib
  advapi32.lib
  shell32.lib
  ole32.lib
  oleaut32.lib
  uuid.lib
  odbc32.lib
  odbccp32.lib
  cudart.lib
  bsdf.obj
  bssrdf.obj
  bxdfs.obj
  cameras.obj
  film.cpp.obj
  filters.obj
  interaction.obj
  lights.obj
  lightsamplers.obj
  materials.obj
  options.obj
  pbrt.obj
  samplers.obj
  shapes.obj
  textures.obj
  pspec_gpu.obj
  bluenoise.obj
  check.obj
  color.obj
  colorspace.obj
  error.obj
  log.obj
  lowdiscrepancy.obj
  math.obj
  mesh.obj
  noise.obj
  pmj02tables.obj
  primes.obj
  pstd.obj
  rng.obj
  sampling.obj
  scattering.obj
  sobolmatrices.obj
  spectrum.obj
  stats.obj
  transform.obj
  vecmath.obj
  aggregate.cpp.obj
  camera.obj
  film.cpp.obj
  integrator.obj
  media.cpp.obj
  samples.obj
  surfscatter.obj
  subsurface.obj
  wavefront.obj
  aggregate.cpp.obj
  denoiser.obj
  scaler.obj
  memory.cpp.obj
  util.obj
  pbrt_lib.vcxproj -> F:\project\pbrt-v4\build\Release\libpbrt.lib
    正在创建库 F:/project/pbrt-v4/build/Release/pbrt.lib 和对象 F:/project/pbrt-v4/build/Release/pbrt.exp
LINK : warning LNK4098: 默认库“LIBCMT”与其他库的使用冲突；请使用 /NODEFAULTLIB:library [F:\project\pbrt-v4\build\pbrt_exe.vcxproj]
  pbrt_exe.vcxproj -> F:\project\pbrt-v4\build\Release\pbrt.exe
