Opened log file 'F:\project\pbrt-v4\crash6.log'

Microsoft (R) Windows Debugger Version 10.0.19041.685 AMD64
Copyright (c) Microsoft Corporation. All rights reserved.

CommandLine: F:\project\pbrt-v4\build\Release\pbrt.exe --gpu bistro_cafe_quick.pbrt 
NatVis script successfully loaded from 'C:\Program Files (x86)\Windows Kits\10\Debuggers\x64\Visualizers\atlmfc.natvis'
NatVis script successfully loaded from 'C:\Program Files (x86)\Windows Kits\10\Debuggers\x64\Visualizers\concurrency.natvis'
NatVis script successfully loaded from 'C:\Program Files (x86)\Windows Kits\10\Debuggers\x64\Visualizers\cpp_rest.natvis'
NatVis script successfully loaded from 'C:\Program Files (x86)\Windows Kits\10\Debuggers\x64\Visualizers\stl.natvis'
NatVis script successfully loaded from 'C:\Program Files (x86)\Windows Kits\10\Debuggers\x64\Visualizers\Windows.Data.Json.natvis'
NatVis script successfully loaded from 'C:\Program Files (x86)\Windows Kits\10\Debuggers\x64\Visualizers\Windows.Devices.Geolocation.natvis'
NatVis script successfully loaded from 'C:\Program Files (x86)\Windows Kits\10\Debuggers\x64\Visualizers\Windows.Devices.Sensors.natvis'
NatVis script successfully loaded from 'C:\Program Files (x86)\Windows Kits\10\Debuggers\x64\Visualizers\Windows.Media.natvis'
NatVis script successfully loaded from 'C:\Program Files (x86)\Windows Kits\10\Debuggers\x64\Visualizers\windows.natvis'
NatVis script successfully loaded from 'C:\Program Files (x86)\Windows Kits\10\Debuggers\x64\Visualizers\winrt.natvis'

************* Path validation summary **************
Response                         Time (ms)     Location
Deferred                                       srv*C:\sym*https://msdl.microsoft.com/download/symbols
OK                                             F:\project\pbrt-v4\build\Release
Symbol search path is: srv*C:\sym*https://msdl.microsoft.com/download/symbols;F:\project\pbrt-v4\build\Release
Executable search path is: 
ModLoad: 00007ff6`4c2c0000 00007ff6`5217b000   pbrt.exe
ModLoad: 00007ff8`297a0000 00007ff8`29a06000   ntdll.dll
ModLoad: 00007ff8`27ee0000 00007ff8`27fa9000   C:\WINDOWS\System32\KERNEL32.DLL
ModLoad: 00007ff8`269b0000 00007ff8`26daf000   C:\WINDOWS\System32\KERNELBASE.dll
ModLoad: 00007ff8`29580000 00007ff8`29602000   C:\WINDOWS\System32\WS2_32.dll
ModLoad: 00007ff8`12980000 00007ff8`1298a000   C:\WINDOWS\SYSTEM32\WSOCK32.dll
ModLoad: 00007ff8`26df0000 00007ff8`26f3c000   C:\WINDOWS\System32\ucrtbase.dll
ModLoad: 00007ff8`23dc0000 00007ff8`24002000   C:\WINDOWS\SYSTEM32\dbghelp.dll
ModLoad: 00007ff8`29420000 00007ff8`294c9000   C:\WINDOWS\System32\msvcrt.dll
ModLoad: 00007ff8`27560000 00007ff8`27678000   C:\WINDOWS\System32\RPCRT4.dll
ModLoad: 00007ff8`283c0000 00007ff8`28745000   C:\WINDOWS\System32\combase.dll
ModLoad: 00007ff8`28750000 00007ff8`28916000   C:\WINDOWS\System32\USER32.dll
ModLoad: 00007ff8`26dc0000 00007ff8`26de7000   C:\WINDOWS\System32\win32u.dll
ModLoad: 00007ff8`27ba0000 00007ff8`27c79000   C:\WINDOWS\System32\OLEAUT32.dll
ModLoad: 00007ff8`276e0000 00007ff8`2770b000   C:\WINDOWS\System32\GDI32.dll
ModLoad: 00007ff8`27260000 00007ff8`27303000   C:\WINDOWS\System32\msvcp_win.dll
ModLoad: 00007ff8`27310000 00007ff8`27439000   C:\WINDOWS\System32\gdi32full.dll
ModLoad: 00007ff8`28980000 00007ff8`29108000   C:\WINDOWS\System32\SHELL32.dll
ModLoad: 00007ff8`292d0000 00007ff8`2938c000   C:\WINDOWS\System32\ADVAPI32.dll
ModLoad: 00007ff8`294d0000 00007ff8`2957a000   C:\WINDOWS\System32\sechost.dll
ModLoad: 00007ff8`265f0000 00007ff8`26642000   C:\WINDOWS\SYSTEM32\CFGMGR32.dll
ModLoad: 00007ff8`0aec0000 00007ff8`0af5d000   C:\WINDOWS\SYSTEM32\MSVCP140.dll
ModLoad: 00007ff8`13260000 00007ff8`13267000   C:\WINDOWS\SYSTEM32\MSVCP140_CODECVT_IDS.dll
ModLoad: 00007ff8`0e080000 00007ff8`0e0ac000   C:\WINDOWS\SYSTEM32\VCRUNTIME140.dll
ModLoad: 00007ff8`0b9e0000 00007ff8`0b9ec000   C:\WINDOWS\SYSTEM32\VCRUNTIME140_1.dll
ModLoad: 0000022b`22fc0000 0000022b`22fcc000   C:\WINDOWS\SYSTEM32\VCRUNTIME140_1.dll
ModLoad: 00007ff8`27520000 00007ff8`27552000   C:\WINDOWS\System32\IMM32.DLL
ModLoad: 00007ff8`291d0000 00007ff8`292c9000   C:\WINDOWS\System32\shcore.dll
ModLoad: 00007ff8`25620000 00007ff8`2563b000   C:\WINDOWS\SYSTEM32\kernel.appcore.dll
ModLoad: 00007fff`aa4c0000 00007fff`aa8d7000   C:\WINDOWS\SYSTEM32\nvcuda.dll
ModLoad: 00007ff8`23350000 00007ff8`23395000   C:\WINDOWS\SYSTEM32\dxcore.dll
ModLoad: 00007fff`97180000 00007fff`9935d000   C:\WINDOWS\system32\DriverStore\FileRepository\nv_dispig.inf_amd64_f4c7a2fd13e0f763\nvcuda64.dll
ModLoad: 00007ff8`293b0000 00007ff8`29416000   C:\WINDOWS\System32\SHLWAPI.dll
ModLoad: 00007ff8`207a0000 00007ff8`207ab000   C:\WINDOWS\SYSTEM32\VERSION.dll
ModLoad: 00007ff8`25fc0000 00007ff8`25fd3000   C:\WINDOWS\SYSTEM32\msasn1.dll
ModLoad: 00007ff8`206f0000 00007ff8`2072b000   C:\WINDOWS\SYSTEM32\cryptnet.dll
ModLoad: 00007ff8`27010000 00007ff8`2718e000   C:\WINDOWS\System32\CRYPT32.dll
ModLoad: 00007ff8`25e10000 00007ff8`25e1c000   C:\WINDOWS\SYSTEM32\cryptbase.dll
ModLoad: 00007ff8`25ed0000 00007ff8`25f3a000   C:\WINDOWS\SYSTEM32\wldp.dll
ModLoad: 00007ff8`20540000 00007ff8`206ba000   C:\WINDOWS\SYSTEM32\drvstore.dll
ModLoad: 00007ff8`265b0000 00007ff8`265df000   C:\WINDOWS\SYSTEM32\devobj.dll
ModLoad: 00007ff8`0eab0000 00007ff8`0f045000   C:\WINDOWS\SYSTEM32\nvapi64.dll
ModLoad: 00007ff8`27710000 00007ff8`27b97000   C:\WINDOWS\System32\SETUPAPI.dll
ModLoad: 00007ff8`28220000 00007ff8`283b9000   C:\WINDOWS\System32\ole32.dll
ModLoad: 00007fff`f6040000 00007fff`f60da000   C:\WINDOWS\System32\DriverStore\FileRepository\nv_dispig.inf_amd64_f4c7a2fd13e0f763\nvdxgdmal64.dll
(37bc.3928): C++ EH exception - code e06d7363 (first chance)
(37bc.483c): C++ EH exception - code e06d7363 (first chance)
(37bc.483c): Security check failure or stack buffer overrun - code c0000409 (!!! second chance !!!)
ucrtbase!abort+0x4e:
00007ff8`26e9527e cd29            int     29h
NatVis script unloaded from 'C:\Program Files (x86)\Windows Kits\10\Debuggers\x64\Visualizers\atlmfc.natvis'
NatVis script unloaded from 'C:\Program Files (x86)\Windows Kits\10\Debuggers\x64\Visualizers\concurrency.natvis'
NatVis script unloaded from 'C:\Program Files (x86)\Windows Kits\10\Debuggers\x64\Visualizers\cpp_rest.natvis'
NatVis script unloaded from 'C:\Program Files (x86)\Windows Kits\10\Debuggers\x64\Visualizers\stl.natvis'
NatVis script unloaded from 'C:\Program Files (x86)\Windows Kits\10\Debuggers\x64\Visualizers\Windows.Data.Json.natvis'
NatVis script unloaded from 'C:\Program Files (x86)\Windows Kits\10\Debuggers\x64\Visualizers\Windows.Devices.Geolocation.natvis'
NatVis script unloaded from 'C:\Program Files (x86)\Windows Kits\10\Debuggers\x64\Visualizers\Windows.Devices.Sensors.natvis'
NatVis script unloaded from 'C:\Program Files (x86)\Windows Kits\10\Debuggers\x64\Visualizers\Windows.Media.natvis'
NatVis script unloaded from 'C:\Program Files (x86)\Windows Kits\10\Debuggers\x64\Visualizers\windows.natvis'
NatVis script unloaded from 'C:\Program Files (x86)\Windows Kits\10\Debuggers\x64\Visualizers\winrt.natvis'
